Component: ARM Compiler 5.06 update 6 (build 750) Tool: armlink [4d35ed]

==============================================================================

Section Cross References

    main.o(.text) refers to delay.o(.text) for Delay_ms
    main.o(.text) refers to usart.o(.text) for UsartPrintf
    main.o(.text) refers to oled.o(.text) for OLED_ShowChinese
    main.o(.text) refers to stm32f10x_tim.o(.text) for TIM_SetCompare1
    main.o(.text) refers to key.o(.text) for Chiclet_Keyboard_Scan
    main.o(.text) refers to main.o(.data) for flag_waste_1
    main.o(.text) refers to usart.o(.bss) for usart2_buf
    main.o(.text) refers to gpio.o(.text) for Gpio_Init
    main.o(.text) refers to motor_duoji.o(.text) for Motor_Duoji_Init
    system_stm32f10x.o(.text) refers to system_stm32f10x.o(.data) for SystemCoreClock
    gpio.o(.text) refers to stm32f10x_rcc.o(.text) for RCC_APB2PeriphClockCmd
    gpio.o(.text) refers to stm32f10x_gpio.o(.text) for GPIO_PinRemapConfig
    key.o(.text) refers to stm32f10x_rcc.o(.text) for RCC_APB2PeriphClockCmd
    key.o(.text) refers to stm32f10x_gpio.o(.text) for GPIO_Init
    key.o(.text) refers to delay.o(.text) for Delay_ms
    key.o(.text) refers to key.o(.data) for key_up
    motor_duoji.o(.text) refers to stm32f10x_adc.o(.text) for ADC_Init
    motor_duoji.o(.text) refers to stm32f10x_rcc.o(.text) for RCC_APB2PeriphClockCmd
    motor_duoji.o(.text) refers to stm32f10x_gpio.o(.text) for GPIO_Init
    motor_duoji.o(.text) refers to stm32f10x_tim.o(.text) for TIM_TimeBaseInit
    oled.o(.text) refers to stm32f10x_gpio.o(.text) for GPIO_ResetBits
    oled.o(.text) refers to oled.o(.bss) for OLED_GRAM
    oled.o(.text) refers to oled.o(.constdata) for asc2_0806
    oled.o(.text) refers to stm32f10x_rcc.o(.text) for RCC_APB2PeriphClockCmd
    oled.o(.text) refers to delay.o(.text) for Delay_ms
    delay.o(.text) refers to misc.o(.text) for SysTick_CLKSourceConfig
    delay.o(.text) refers to system_stm32f10x.o(.data) for SystemCoreClock
    delay.o(.text) refers to delay.o(.data) for fac_us
    usart.o(.text) refers to stm32f10x_rcc.o(.text) for RCC_APB2PeriphClockCmd
    usart.o(.text) refers to stm32f10x_gpio.o(.text) for GPIO_Init
    usart.o(.text) refers to stm32f10x_usart.o(.text) for USART_Init
    usart.o(.text) refers to misc.o(.text) for NVIC_Init
    usart.o(.text) refers to c89vsnprintf.o(.text) for __c89vsnprintf
    usart.o(.text) refers to rt_memclr.o(.text) for __aeabi_memclr
    usart.o(.text) refers to usart.o(.bss) for usart1_buf
    usart.o(.text) refers to usart.o(.data) for usart1_cnt
    startup_stm32f10x_md.o(STACK) refers (Special) to heapauxi.o(.text) for __use_two_region_memory
    startup_stm32f10x_md.o(HEAP) refers (Special) to heapauxi.o(.text) for __use_two_region_memory
    startup_stm32f10x_md.o(RESET) refers (Special) to heapauxi.o(.text) for __use_two_region_memory
    startup_stm32f10x_md.o(RESET) refers to startup_stm32f10x_md.o(STACK) for __initial_sp
    startup_stm32f10x_md.o(RESET) refers to startup_stm32f10x_md.o(.text) for Reset_Handler
    startup_stm32f10x_md.o(RESET) refers to stm32f10x_it.o(.text) for NMI_Handler
    startup_stm32f10x_md.o(RESET) refers to usart.o(.text) for USART1_IRQHandler
    startup_stm32f10x_md.o(.text) refers (Special) to heapauxi.o(.text) for __use_two_region_memory
    startup_stm32f10x_md.o(.text) refers to system_stm32f10x.o(.text) for SystemInit
    startup_stm32f10x_md.o(.text) refers to __main.o(!!!main) for __main
    startup_stm32f10x_md.o(.text) refers to startup_stm32f10x_md.o(HEAP) for Heap_Mem
    startup_stm32f10x_md.o(.text) refers to startup_stm32f10x_md.o(STACK) for Stack_Mem
    stm32f10x_adc.o(.text) refers to stm32f10x_rcc.o(.text) for RCC_APB2PeriphResetCmd
    stm32f10x_gpio.o(.text) refers to stm32f10x_rcc.o(.text) for RCC_APB2PeriphResetCmd
    stm32f10x_i2c.o(.text) refers to stm32f10x_rcc.o(.text) for RCC_APB1PeriphResetCmd
    stm32f10x_rcc.o(.text) refers to stm32f10x_rcc.o(.data) for APBAHBPrescTable
    stm32f10x_tim.o(.text) refers to stm32f10x_rcc.o(.text) for RCC_APB2PeriphResetCmd
    stm32f10x_usart.o(.text) refers to stm32f10x_rcc.o(.text) for RCC_APB2PeriphResetCmd
    c89vsnprintf.o(.text) refers (Special) to _printf_a.o(.ARM.Collect$$_printf_percent$$00000006) for _printf_a
    c89vsnprintf.o(.text) refers (Special) to _printf_c.o(.ARM.Collect$$_printf_percent$$00000013) for _printf_c
    c89vsnprintf.o(.text) refers (Special) to _printf_charcount.o(.text) for _printf_charcount
    c89vsnprintf.o(.text) refers (Special) to _printf_d.o(.ARM.Collect$$_printf_percent$$00000009) for _printf_d
    c89vsnprintf.o(.text) refers (Special) to _printf_e.o(.ARM.Collect$$_printf_percent$$00000004) for _printf_e
    c89vsnprintf.o(.text) refers (Special) to _printf_f.o(.ARM.Collect$$_printf_percent$$00000003) for _printf_f
    c89vsnprintf.o(.text) refers (Special) to printf1.o(x$fpl$printf1) for _printf_fp_dec
[...]
    .ARM.Collect$$libshutdown$$00000007      0x08000212   Section        0  libshutdown2.o(.ARM.Collect$$libshutdown$$00000007)
    .ARM.Collect$$libshutdown$$0000000A      0x08000212   Section        0  libshutdown2.o(.ARM.Collect$$libshutdown$$0000000A)
    .ARM.Collect$$libshutdown$$0000000C      0x08000212   Section        0  libshutdown2.o(.ARM.Collect$$libshutdown$$0000000C)
    .ARM.Collect$$libshutdown$$0000000F      0x08000212   Section        0  libshutdown2.o(.ARM.Collect$$libshutdown$$0000000F)
    .ARM.Collect$$libshutdown$$00000010      0x08000212   Section        2  libshutdown2.o(.ARM.Collect$$libshutdown$$00000010)
    .ARM.Collect$$rtentry$$00000000          0x08000214   Section        0  __rtentry.o(.ARM.Collect$$rtentry$$00000000)
    .ARM.Collect$$rtentry$$00000002          0x08000214   Section        0  __rtentry2.o(.ARM.Collect$$rtentry$$00000002)
    .ARM.Collect$$rtentry$$00000004          0x08000214   Section        6  __rtentry4.o(.ARM.Collect$$rtentry$$00000004)
    .ARM.Collect$$rtentry$$00000009          0x0800021a   Section        0  __rtentry2.o(.ARM.Collect$$rtentry$$00000009)
    .ARM.Collect$$rtentry$$0000000A          0x0800021a   Section        4  __rtentry2.o(.ARM.Collect$$rtentry$$0000000A)
    .ARM.Collect$$rtentry$$0000000C          0x0800021e   Section        0  __rtentry2.o(.ARM.Collect$$rtentry$$0000000C)
    .ARM.Collect$$rtentry$$0000000D          0x0800021e   Section        8  __rtentry2.o(.ARM.Collect$$rtentry$$0000000D)
    .ARM.Collect$$rtexit$$00000000           0x08000226   Section        2  rtexit.o(.ARM.Collect$$rtexit$$00000000)
    .ARM.Collect$$rtexit$$00000002           0x08000228   Section        0  rtexit2.o(.ARM.Collect$$rtexit$$00000002)
    .ARM.Collect$$rtexit$$00000003           0x08000228   Section        4  rtexit2.o(.ARM.Collect$$rtexit$$00000003)
    .ARM.Collect$$rtexit$$00000004           0x0800022c   Section        6  rtexit2.o(.ARM.Collect$$rtexit$$00000004)
    .text                                    0x08000234   Section        0  main.o(.text)
    .text                                    0x080009fc   Section        0  stm32f10x_it.o(.text)
    .text                                    0x08000a18   Section        0  system_stm32f10x.o(.text)
    SetSysClockTo72                          0x08000a19   Thumb Code   214  system_stm32f10x.o(.text)
    SetSysClock                              0x08000aef   Thumb Code     8  system_stm32f10x.o(.text)
    .text                                    0x08000bf8   Section        0  gpio.o(.text)
    .text                                    0x08000e28   Section        0  key.o(.text)
    .text                                    0x08000f68   Section        0  motor_duoji.o(.text)
    .text                                    0x080011c0   Section        0  oled.o(.text)
    .text                                    0x08001b90   Section        0  delay.o(.text)
    .text                                    0x08001c64   Section        0  usart.o(.text)
    .text                                    0x08001f40   Section       64  startup_stm32f10x_md.o(.text)
    .text                                    0x08001f80   Section        0  misc.o(.text)
    .text                                    0x0800205c   Section        0  stm32f10x_adc.o(.text)
    .text                                    0x080024ac   Section        0  stm32f10x_gpio.o(.text)
    .text                                    0x08002808   Section        0  stm32f10x_rcc.o(.text)
    .text                                    0x08002bac   Section        0  stm32f10x_tim.o(.text)
    TI4_Config                               0x08003053   Thumb Code   130  stm32f10x_tim.o(.text)
    TI3_Config                               0x080030e7   Thumb Code   122  stm32f10x_tim.o(.text)
    TI2_Config                               0x0800317b   Thumb Code   130  stm32f10x_tim.o(.text)
    TI1_Config                               0x0800320f   Thumb Code   108  stm32f10x_tim.o(.text)
    .text                                    0x080039c8   Section        0  stm32f10x_usart.o(.text)
    .text                                    0x08003dd0   Section        0  c89vsnprintf.o(.text)
    .text                                    0x08003e04   Section       68  rt_memclr.o(.text)
    .text                                    0x08003e48   Section        0  heapauxi.o(.text)
    .text                                    0x08003e4e   Section        0  _printf_pad.o(.text)
    .text                                    0x08003e9c   Section        0  _printf_truncate.o(.text)
    .text                                    0x08003ec0   Section        0  _printf_str.o(.text)
    .text                                    0x08003f14   Section        0  _printf_dec.o(.text)
    .text                                    0x08003f8c   Section        0  _printf_charcount.o(.text)
    .text                                    0x08003fb4   Section        0  _printf_char_common.o(.text)
    _printf_input_char                       0x08003fb5   Thumb Code    10  _printf_char_common.o(.text)
    .text                                    0x08003fe4   Section        0  _sputc.o(.text)
    .text                                    0x08003fee   Section        0  _snputc.o(.text)
    .text                                    0x08004000   Section        0  _printf_wctomb.o(.text)
    .text                                    0x080040bc   Section        0  _printf_longlong_dec.o(.text)
    .text                                    0x08004138   Section        0  _printf_oct_int_ll.o(.text)
    _printf_longlong_oct_internal            0x08004139   Thumb Code     0  _printf_oct_int_ll.o(.text)
    .text                                    0x080041a8   Section        0  _printf_hex_int_ll_ptr.o(.text)
    _printf_hex_common                       0x080041a9   Thumb Code     0  _printf_hex_int_ll_ptr.o(.text)
    .text                                    0x0800423c   Section        0  __printf_flags_ss_wp.o(.text)
    .text                                    0x080043c4   Section       78  rt_memclr_w.o(.text)
    .text                                    0x08004412   Section      138  lludiv10.o(.text)
    .text                                    0x0800449c   Section        0  _printf_intcommon.o(.text)
    .text                                    0x0800454e   Section        0  _printf_fp_dec.o(.text)
    _fp_digits                               0x08004551   Thumb Code   432  _printf_fp_dec.o(.text)
    .text                                    0x0800496c   Section        0  _printf_char.o(.text)
    .text                                    0x08004998   Section        0  _printf_wchar.o(.text)
    .text                                    0x080049c4   Section        0  _wcrtomb.o(.text)
    .text                                    0x08004a04   Section       74  sys_stackheap_outer.o(.text)
    .text                                    0x08004a50   Section       16  rt_ctype_table.o(.text)
    .text                                    0x08004a60   Section        8  rt_locale_intlibspace.o(.text)
    .text                                    0x08004a68   Section        0  _printf_fp_infnan.o(.text)
    .text                                    0x08004ae8   Section        0  bigflt0.o(.text)
    .text                                    0x08004bcc   Section        0  exit.o(.text)
    .text                                    0x08004be0   Section        8  libspace.o(.text)
    .text                                    0x08004be8   Section      128  strcmpv7m.o(.text)
    .text                                    0x08004c68   Section        0  sys_exit.o(.text)
    .text                                    0x08004c74   Section        2  use_no_semi.o(.text)
    .text                                    0x08004c76   Section        0  indicate_semi.o(.text)
    CL$$btod_d2e                             0x08004c76   Section       62  btod.o(CL$$btod_d2e)
    CL$$btod_d2e_denorm_low                  0x08004cb4   Section       70  btod.o(CL$$btod_d2e_denorm_low)
    CL$$btod_d2e_norm_op1                    0x08004cfa   Section       96  btod.o(CL$$btod_d2e_norm_op1)
    CL$$btod_div_common                      0x08004d5a   Section      824  btod.o(CL$$btod_div_common)
    CL$$btod_e2e                             0x08005092   Section      220  btod.o(CL$$btod_e2e)
    CL$$btod_ediv                            0x0800516e   Section       42  btod.o(CL$$btod_ediv)
    CL$$btod_emul                            0x08005198   Section       42  btod.o(CL$$btod_emul)
    CL$$btod_mult_common                     0x080051c2   Section      580  btod.o(CL$$btod_mult_common)
    i.__ARM_fpclassify                       0x08005406   Section        0  fpclassify.o(i.__ARM_fpclassify)
    i._is_digit                              0x0800542e   Section        0  __printf_wp.o(i._is_digit)
    locale$$code                             0x0800543c   Section       44  lc_numeric_c.o(locale$$code)
    locale$$code                             0x08005468   Section       44  lc_ctype_c.o(locale$$code)
    x$fpl$printf1                            0x08005494   Section        4  printf1.o(x$fpl$printf1)
    .constdata                               0x08005498   Section     7888  oled.o(.constdata)
    x$fpl$usenofp                            0x08005498   Section        0  usenofp.o(x$fpl$usenofp)
    .constdata                               0x08007368   Section        8  _printf_wctomb.o(.constdata)
    initial_mbstate                          0x08007368   Data           8  _printf_wctomb.o(.constdata)
    .constdata                               0x08007370   Section       40  _printf_hex_int_ll_ptr.o(.constdata)
    uc_hextab                                0x08007370   Data          20  _printf_hex_int_ll_ptr.o(.constdata)
    lc_hextab                                0x08007384   Data          20  _printf_hex_int_ll_ptr.o(.constdata)
    .constdata                               0x08007398   Section       17  __printf_flags_ss_wp.o(.constdata)
    maptable                                 0x08007398   Data          17  __printf_flags_ss_wp.o(.constdata)
    .constdata                               0x080073ac   Section      148  bigflt0.o(.constdata)
    tenpwrs_x                                0x080073ac   Data          60  bigflt0.o(.constdata)
    tenpwrs_i                                0x080073e8   Data          64  bigflt0.o(.constdata)
    locale$$data                             0x08007460   Section       28  lc_numeric_c.o(locale$$data)
    __lcnum_c_name                           0x08007464   Data           2  lc_numeric_c.o(locale$$data)
    __lcnum_c_start                          0x0800746c   Data           0  lc_numeric_c.o(locale$$data)
    __lcnum_c_point                          0x08007478   Data           0  lc_numeric_c.o(locale$$data)
    __lcnum_c_thousands                      0x0800747a   Data           0  lc_numeric_c.o(locale$$data)
    __lcnum_c_grouping                       0x0800747b   Data           0  lc_numeric_c.o(locale$$data)
    locale$$data                             0x0800747c   Section      272  lc_ctype_c.o(locale$$data)
    __lcnum_c_end                            0x0800747c   Data           0  lc_numeric_c.o(locale$$data)
    __lcctype_c_name                         0x08007480   Data           2  lc_ctype_c.o(locale$$data)
    __lcctype_c_start                        0x08007488   Data           0  lc_ctype_c.o(locale$$data)
    __lcctype_c_end                          0x0800758c   Data           0  lc_ctype_c.o(locale$$data)
    .data                                    0x20000000   Section       12  main.o(.data)
    .data                                    0x2000000c   Section       20  system_stm32f10x.o(.data)
    .data                                    0x20000020   Section        1  key.o(.data)
    key_up                                   0x20000020   Data           1  key.o(.data)
    .data                                    0x20000022   Section        4  delay.o(.data)
    fac_us                                   0x20000022   Data           1  delay.o(.data)
    fac_ms                                   0x20000024   Data           2  delay.o(.data)
    .data                                    0x20000026   Section        8  usart.o(.data)
    .data                                    0x2000002e   Section       20  stm32f10x_rcc.o(.data)
    APBAHBPrescTable                         0x2000002e   Data          16  stm32f10x_rcc.o(.data)
    ADCPrescTable                            0x2000003e   Data           4  stm32f10x_rcc.o(.data)
    .bss                                     0x20000044   Section     1152  oled.o(.bss)
    .bss                                     0x200004c4   Section      128  usart.o(.bss)
    .bss                                     0x20000544   Section       96  libspace.o(.bss)
    HEAP                                     0x200005a8   Section      512  startup_stm32f10x_md.o(HEAP)
    Heap_Mem                                 0x200005a8   Data         512  startup_stm32f10x_md.o(HEAP)
    STACK                                    0x200007a8   Section     1024  startup_stm32f10x_md.o(STACK)
    Stack_Mem                                0x200007a8   Data        1024  startup_stm32f10x_md.o(STACK)
    __initial_sp                             0x20000ba8   Data           0  startup_stm32f10x_md.o(STACK)

    Global Symbols

    Symbol Name                              Value     Ov Type        Size  Object(Section)

    BuildAttributes$$THM_ISAv4$P$D$K$B$S$PE$A:L22UL41UL21$X:L11$S22US41US21$IEEE1$IW$USESV6$~STKCKD$USESV7$~SHL$OTIME$ROPI$IEEEJ$EBA8$UX$STANDARDLIB$REQ8$PRES8$EABIv2 0x00000000   Number         0  anon$$obj.o ABSOLUTE
    __ARM_use_no_argv                        0x00000000   Number         0  main.o ABSOLUTE
    _printf_flags                            0x00000000   Number         0  printf_stubs.o ABSOLUTE
    _printf_return_value                     0x00000000   Number         0  printf_stubs.o ABSOLUTE
    _printf_sizespec                         0x00000000   Number         0  printf_stubs.o ABSOLUTE
    _printf_widthprec                        0x00000000   Number         0  printf_stubs.o ABSOLUTE
    __ARM_exceptions_init                     - Undefined Weak Reference
    __alloca_initialize                       - Undefined Weak Reference
    __arm_preinit_                            - Undefined Weak Reference
    __cpp_initialize__aeabi_                  - Undefined Weak Reference
    __cxa_finalize                            - Undefined Weak Reference
    __sigvec_lookup                           - Undefined Weak Reference
    _atexit_init                              - Undefined Weak Reference
    _call_atexit_fns                          - Undefined Weak Reference
    _clock_init                               - Undefined Weak Reference
    _fp_trap_init                             - Undefined Weak Reference
    _fp_trap_shutdown                         - Undefined Weak Reference
    _get_lc_collate                           - Undefined Weak Reference
    _get_lc_monetary                          - Undefined Weak Reference
    _get_lc_time                              - Undefined Weak Reference
    _getenv_init                              - Undefined Weak Reference
    _handle_redirection                       - Undefined Weak Reference
    _init_alloc                               - Undefined Weak Reference
    _init_user_alloc                          - Undefined Weak Reference
    _initio                                   - Undefined Weak Reference
    _printf_fp_hex                            - Undefined Weak Reference
    _printf_mbtowc                            - Undefined Weak Reference
    _printf_wc                                - Undefined Weak Reference
    _rand_init                                - Undefined Weak Reference
    _signal_finish                            - Undefined Weak Reference
    _signal_init                              - Undefined Weak Reference
    _terminate_alloc                          - Undefined Weak Reference
    _terminate_user_alloc                     - Undefined Weak Reference
    _terminateio                              - Undefined Weak Reference
    __Vectors_Size                           0x000000ec   Number         0  startup_stm32f10x_md.o ABSOLUTE
    __Vectors                                0x08000000   Data           4  startup_stm32f10x_md.o(RESET)
    __Vectors_End                            0x080000ec   Data           0  startup_stm32f10x_md.o(RESET)
    __main                                   0x080000ed   Thumb Code     8  __main.o(!!!main)
    __scatterload                            0x080000f5   Thumb Code     0  __scatter.o(!!!scatter)
    __scatterload_rt2                        0x080000f5   Thumb Code    44  __scatter.o(!!!scatter)
    __scatterload_rt2_thumb_only             0x080000f5   Thumb Code     0  __scatter.o(!!!scatter)
    __scatterload_null                       0x08000103   Thumb Code     0  __scatter.o(!!!scatter)
    __scatterload_copy                       0x08000129   Thumb Code    26  __scatter_copy.o(!!handler_copy)
    __scatterload_zeroinit                   0x08000145   Thumb Code    28  __scatter_zi.o(!!handler_zi)
    _printf_n                                0x08000161   Thumb Code     0  _printf_n.o(.ARM.Collect$$_printf_percent$$00000001)
    _printf_percent                          0x08000161   Thumb Code     0  _printf_percent.o(.ARM.Collect$$_printf_percent$$00000000)
    _printf_p                                0x08000167   Thumb Code     0  _printf_p.o(.ARM.Collect$$_printf_percent$$00000002)
    _printf_f                                0x0800016d   Thumb Code     0  _printf_f.o(.ARM.Collect$$_printf_percent$$00000003)
    _printf_e                                0x08000173   Thumb Code     0  _printf_e.o(.ARM.Collect$$_printf_percent$$00000004)
    _printf_g                                0x08000179   Thumb Code     0  _printf_g.o(.ARM.Collect$$_printf_percent$$00000005)
    _printf_a                                0x0800017f   Thumb Code     0  _printf_a.o(.ARM.Collect$$_printf_percent$$00000006)
    _printf_ll                               0x08000185   Thumb Code     0  _printf_ll.o(.ARM.Collect$$_printf_percent$$00000007)
    _printf_i                                0x0800018f   Thumb Code     0  _printf_i.o(.ARM.Collect$$_printf_percent$$00000008)
    _printf_d                                0x08000195   Thumb Code     0  _printf_d.o(.ARM.Collect$$_printf_percent$$00000009)
    _printf_u                                0x0800019b   Thumb Code     0  _printf_u.o(.ARM.Collect$$_printf_percent$$0000000A)
    _printf_o                                0x080001a1   Thumb Code     0  _printf_o.o(.ARM.Collect$$_printf_percent$$0000000B)
    _printf_x                                0x080001a7   Thumb Code     0  _printf_x.o(.ARM.Collect$$_printf_percent$$0000000C)
    _printf_lli                              0x080001ad   Thumb Code     0  _printf_lli.o(.ARM.Collect$$_printf_percent$$0000000D)
    _printf_lld                              0x080001b3   Thumb Code     0  _printf_lld.o(.ARM.Collect$$_printf_percent$$0000000E)
    _printf_llu                              0x080001b9   Thumb Code     0  _printf_llu.o(.ARM.Collect$$_printf_percent$$0000000F)
    _printf_llo                              0x080001bf   Thumb Code     0  _printf_llo.o(.ARM.Collect$$_printf_percent$$00000010)
    _printf_llx                              0x080001c5   Thumb Code     0  _printf_llx.o(.ARM.Collect$$_printf_percent$$00000011)
    _printf_l                                0x080001cb   Thumb Code     0  _printf_l.o(.ARM.Collect$$_printf_percent$$00000012)
    _printf_c                                0x080001d5   Thumb Code     0  _printf_c.o(.ARM.Collect$$_printf_percent$$00000013)
    _printf_s                                0x080001db   Thumb Code     0  _printf_s.o(.ARM.Collect$$_printf_percent$$00000014)
    _printf_lc                               0x080001e1   Thumb Code     0  _printf_lc.o(.ARM.Collect$$_printf_percent$$00000015)
    _printf_ls                               0x080001e7   Thumb Code     0  _printf_ls.o(.ARM.Collect$$_printf_percent$$00000016)
    _printf_percent_end                      0x080001ed   Thumb Code     0  _printf_percent_end.o(.ARM.Collect$$_printf_percent$$00000017)
    __rt_lib_init                            0x080001f1   Thumb Code     0  libinit.o(.ARM.Collect$$libinit$$00000000)
    __rt_lib_init_fp_1                       0x080001f3   Thumb Code     0  libinit2.o(.ARM.Collect$$libinit$$00000002)
    __rt_lib_init_heap_1                     0x080001f3   Thumb Code     0  libinit2.o(.ARM.Collect$$libinit$$0000000A)
    __rt_lib_init_lc_common                  0x080001f3   Thumb Code     0  libinit2.o(.ARM.Collect$$libinit$$0000000F)
    __rt_lib_init_preinit_1                  0x080001f3   Thumb Code     0  libinit2.o(.ARM.Collect$$libinit$$00000004)
    __rt_lib_init_rand_1                     0x080001f3   Thumb Code     0  libinit2.o(.ARM.Collect$$libinit$$0000000E)
    __rt_lib_init_user_alloc_1               0x080001f3   Thumb Code     0  libinit2.o(.ARM.Collect$$libinit$$0000000C)
    __rt_lib_init_lc_collate_1               0x080001f9   Thumb Code     0  libinit2.o(.ARM.Collect$$libinit$$00000011)
    __rt_lib_init_lc_ctype_2                 0x080001f9   Thumb Code     0  libinit2.o(.ARM.Collect$$libinit$$00000012)
    __rt_lib_init_lc_ctype_1                 0x08000205   Thumb Code     0  libinit2.o(.ARM.Collect$$libinit$$00000013)
    __rt_lib_init_lc_monetary_1              0x08000205   Thumb Code     0  libinit2.o(.ARM.Collect$$libinit$$00000015)
    __rt_lib_init_lc_numeric_2               0x08000205   Thumb Code     0  libinit2.o(.ARM.Collect$$libinit$$00000016)
    __rt_lib_init_alloca_1                   0x0800020f   Thumb Code     0  libinit2.o(.ARM.Collect$$libinit$$0000002E)
    __rt_lib_init_argv_1                     0x0800020f   Thumb Code     0  libinit2.o(.ARM.Collect$$libinit$$0000002C)
    __rt_lib_init_atexit_1                   0x0800020f   Thumb Code     0  libinit2.o(.ARM.Collect$$libinit$$0000001B)
    __rt_lib_init_clock_1                    0x0800020f   Thumb Code     0  libinit2.o(.ARM.Collect$$libinit$$00000021)
    __rt_lib_init_cpp_1                      0x0800020f   Thumb Code     0  libinit2.o(.ARM.Collect$$libinit$$00000032)
    __rt_lib_init_exceptions_1               0x0800020f   Thumb Code     0  libinit2.o(.ARM.Collect$$libinit$$00000030)
    __rt_lib_init_fp_trap_1                  0x0800020f   Thumb Code     0  libinit2.o(.ARM.Collect$$libinit$$0000001F)
    __rt_lib_init_getenv_1                   0x0800020f   Thumb Code     0  libinit2.o(.ARM.Collect$$libinit$$00000023)
    __rt_lib_init_lc_numeric_1               0x0800020f   Thumb Code     0  libinit2.o(.ARM.Collect$$libinit$$00000017)
    __rt_lib_init_lc_time_1                  0x0800020f   Thumb Code     0  libinit2.o(.ARM.Collect$$libinit$$00000019)
    __rt_lib_init_return                     0x0800020f   Thumb Code     0  libinit2.o(.ARM.Collect$$libinit$$00000033)
    __rt_lib_init_signal_1                   0x0800020f   Thumb Code     0  libinit2.o(.ARM.Collect$$libinit$$0000001D)
    __rt_lib_init_stdio_1                    0x0800020f   Thumb Code     0  libinit2.o(.ARM.Collect$$libinit$$00000025)
    __rt_lib_shutdown                        0x08000211   Thumb Code     0  libshutdown.o(.ARM.Collect$$libshutdown$$00000000)
    __rt_lib_shutdown_cpp_1                  0x08000213   Thumb Code     0  libshutdown2.o(.ARM.Collect$$libshutdown$$00000002)
    __rt_lib_shutdown_fp_trap_1              0x08000213   Thumb Code     0  libshutdown2.o(.ARM.Collect$$libshutdown$$00000007)
    __rt_lib_shutdown_heap_1                 0x08000213   Thumb Code     0  libshutdown2.o(.ARM.Collect$$libshutdown$$0000000F)
    __rt_lib_shutdown_return                 0x08000213   Thumb Code     0  libshutdown2.o(.ARM.Collect$$libshutdown$$00000010)
    __rt_lib_shutdown_signal_1               0x08000213   Thumb Code     0  libshutdown2.o(.ARM.Collect$$libshutdown$$0000000A)
    __rt_lib_shutdown_stdio_1                0x08000213   Thumb Code     0  libshutdown2.o(.ARM.Collect$$libshutdown$$00000004)
    __rt_lib_shutdown_user_alloc_1           0x08000213   Thumb Code     0  libshutdown2.o(.ARM.Collect$$libshutdown$$0000000C)
    __rt_entry                               0x08000215   Thumb Code     0  __rtentry.o(.ARM.Collect$$rtentry$$00000000)
    __rt_entry_presh_1                       0x08000215   Thumb Code     0  __rtentry2.o(.ARM.Collect$$rtentry$$00000002)
    __rt_entry_sh                            0x08000215   Thumb Code     0  __rtentry4.o(.ARM.Collect$$rtentry$$00000004)
    __rt_entry_li                            0x0800021b   Thumb Code     0  __rtentry2.o(.ARM.Collect$$rtentry$$0000000A)
    __rt_entry_postsh_1                      0x0800021b   Thumb Code     0  __rtentry2.o(.ARM.Collect$$rtentry$$00000009)
    __rt_entry_main                          0x0800021f   Thumb Code     0  __rtentry2.o(.ARM.Collect$$rtentry$$0000000D)
    __rt_entry_postli_1                      0x0800021f   Thumb Code     0  __rtentry2.o(.ARM.Collect$$rtentry$$0000000C)
    __rt_exit                                0x08000227   Thumb Code     0  rtexit.o(.ARM.Collect$$rtexit$$00000000)
    __rt_exit_ls                             0x08000229   Thumb Code     0  rtexit2.o(.ARM.Collect$$rtexit$$00000003)
    __rt_exit_prels_1                        0x08000229   Thumb Code     0  rtexit2.o(.ARM.Collect$$rtexit$$00000002)
    __rt_exit_exit                           0x0800022d   Thumb Code     0  rtexit2.o(.ARM.Collect$$rtexit$$00000004)
    Manage_function                          0x08000235   Thumb Code   324  main.o(.text)
    Monitor_function                         0x08000379   Thumb Code   470  main.o(.text)
    Key_function                             0x0800054f   Thumb Code   598  main.o(.text)
    main                                     0x080007a5   Thumb Code   594  main.o(.text)
    NMI_Handler                              0x080009fd   Thumb Code     2  stm32f10x_it.o(.text)
    HardFault_Handler                        0x080009ff   Thumb Code     4  stm32f10x_it.o(.text)
    MemManage_Handler                        0x08000a03   Thumb Code     4  stm32f10x_it.o(.text)
    BusFault_Handler                         0x08000a07   Thumb Code     4  stm32f10x_it.o(.text)
    UsageFault_Handler                       0x08000a0b   Thumb Code     4  stm32f10x_it.o(.text)
    SVC_Handler                              0x08000a0f   Thumb Code     2  stm32f10x_it.o(.text)
    DebugMon_Handler                         0x08000a11   Thumb Code     2  stm32f10x_it.o(.text)
    PendSV_Handler                           0x08000a13   Thumb Code     2  stm32f10x_it.o(.text)
    SysTick_Handler                          0x08000a15   Thumb Code     2  stm32f10x_it.o(.text)
    SystemInit                               0x08000af7   Thumb Code    78  system_stm32f10x.o(.text)
    SystemCoreClockUpdate                    0x08000b45   Thumb Code   142  system_stm32f10x.o(.text)
    Gpio_Init                                0x08000bf9   Thumb Code   548  gpio.o(.text)
    Key_Init                                 0x08000e29   Thumb Code   156  key.o(.text)
    Chiclet_Keyboard_Scan                    0x08000ec5   Thumb Code   152  key.o(.text)
    Motor_Duoji_Init                         0x08000f69   Thumb Code   302  motor_duoji.o(.text)
    Motor_Duoji2_Init                        0x08001097   Thumb Code   284  motor_duoji.o(.text)
    IIC_delay                                0x080011c1   Thumb Code    16  oled.o(.text)
    OLED_I2C_Stop                            0x080011d1   Thumb Code    32  oled.o(.text)
    OLED_I2C_WaitAck                         0x080011f1   Thumb Code    40  oled.o(.text)
    OLED_Send_Byte                           0x08001219   Thumb Code    70  oled.o(.text)
    OLED_I2C_Start                           0x0800125f   Thumb Code    48  oled.o(.text)
    OLED_WR_Byte                             0x0800128f   Thumb Code    56  oled.o(.text)
    OLED_ColorTurn                           0x080012c7   Thumb Code    28  oled.o(.text)
    OLED_DisplayTurn                         0x080012e3   Thumb Code    44  oled.o(.text)
    OLED_DisPlay_On                          0x0800130f   Thumb Code    28  oled.o(.text)
    OLED_DisPlay_Off                         0x0800132b   Thumb Code    28  oled.o(.text)
    OLED_Refresh                             0x08001347   Thumb Code   100  oled.o(.text)
    OLED_Clear                               0x080013ab   Thumb Code    42  oled.o(.text)
    OLED_DrawPoint                           0x080013d5   Thumb Code   114  oled.o(.text)
    OLED_DrawLine                            0x08001447   Thumb Code   172  oled.o(.text)
    OLED_DrawCircle                          0x080014f3   Thumb Code   168  oled.o(.text)
    OLED_ShowChar                            0x0800159b   Thumb Code   314  oled.o(.text)
    OLED_ShowString                          0x080016d5   Thumb Code    78  oled.o(.text)
    OLED_Pow                                 0x08001723   Thumb Code    22  oled.o(.text)
    OLED_ShowNum                             0x08001739   Thumb Code   148  oled.o(.text)
    OLED_ShowChinese                         0x080017cd   Thumb Code   248  oled.o(.text)
    OLED_ScrollDisplay                       0x080018c5   Thumb Code   168  oled.o(.text)
    OLED_ShowPicture                         0x0800196d   Thumb Code   256  oled.o(.text)
    OLED_Init                                0x08001a6d   Thumb Code   286  oled.o(.text)
    Delay_Init                               0x08001b91   Thumb Code    50  delay.o(.text)
    Delay_us                                 0x08001bc3   Thumb Code    72  delay.o(.text)
    Delay_ms                                 0x08001c0b   Thumb Code    72  delay.o(.text)
    Usart1_Init                              0x08001c65   Thumb Code   166  usart.o(.text)
    Usart2_Init                              0x08001d0b   Thumb Code   162  usart.o(.text)
    Usart_SendString                         0x08001dad   Thumb Code    50  usart.o(.text)
    UsartPrintf                              0x08001ddf   Thumb Code    72  usart.o(.text)
    USART1_Clear                             0x08001e27   Thumb Code    18  usart.o(.text)
    USART1_WaitRecive                        0x08001e39   Thumb Code    42  usart.o(.text)
    USART2_Clear                             0x08001e63   Thumb Code    18  usart.o(.text)
    USART2_WaitRecive                        0x08001e75   Thumb Code    42  usart.o(.text)
    USART1_IRQHandler                        0x08001e9f   Thumb Code    62  usart.o(.text)
    USART2_IRQHandler                        0x08001edd   Thumb Code    62  usart.o(.text)
    Reset_Handler                            0x08001f41   Thumb Code     8  startup_stm32f10x_md.o(.text)
    ADC1_2_IRQHandler                        0x08001f5b   Thumb Code     0  startup_stm32f10x_md.o(.text)
    CAN1_RX1_IRQHandler                      0x08001f5b   Thumb Code     0  startup_stm32f10x_md.o(.text)
    CAN1_SCE_IRQHandler                      0x08001f5b   Thumb Code     0  startup_stm32f10x_md.o(.text)
    DMA1_Channel1_IRQHandler                 0x08001f5b   Thumb Code     0  startup_stm32f10x_md.o(.text)
    DMA1_Channel2_IRQHandler                 0x08001f5b   Thumb Code     0  startup_stm32f10x_md.o(.text)
    DMA1_Channel3_IRQHandler                 0x08001f5b   Thumb Code     0  startup_stm32f10x_md.o(.text)
    DMA1_Channel4_IRQHandler                 0x08001f5b   Thumb Code     0  startup_stm32f10x_md.o(.text)
    DMA1_Channel5_IRQHandler                 0x08001f5b   Thumb Code     0  startup_stm32f10x_md.o(.text)
    DMA1_Channel6_IRQHandler                 0x08001f5b   Thumb Code     0  startup_stm32f10x_md.o(.text)
    DMA1_Channel7_IRQHandler                 0x08001f5b   Thumb Code     0  startup_stm32f10x_md.o(.text)
    EXTI0_IRQHandler                         0x08001f5b   Thumb Code     0  startup_stm32f10x_md.o(.text)
    EXTI15_10_IRQHandler                     0x08001f5b   Thumb Code     0  startup_stm32f10x_md.o(.text)
    EXTI1_IRQHandler                         0x08001f5b   Thumb Code     0  startup_stm32f10x_md.o(.text)
    EXTI2_IRQHandler                         0x08001f5b   Thumb Code     0  startup_stm32f10x_md.o(.text)
    EXTI3_IRQHandler                         0x08001f5b   Thumb Code     0  startup_stm32f10x_md.o(.text)
    EXTI4_IRQHandler                         0x08001f5b   Thumb Code     0  startup_stm32f10x_md.o(.text)
    EXTI9_5_IRQHandler                       0x08001f5b   Thumb Code     0  startup_stm32f10x_md.o(.text)
    FLASH_IRQHandler                         0x08001f5b   Thumb Code     0  startup_stm32f10x_md.o(.text)
    I2C1_ER_IRQHandler                       0x08001f5b   Thumb Code     0  startup_stm32f10x_md.o(.text)
    I2C1_EV_IRQHandler                       0x08001f5b   Thumb Code     0  startup_stm32f10x_md.o(.text)
    I2C2_ER_IRQHandler                       0x08001f5b   Thumb Code     0  startup_stm32f10x_md.o(.text)
    I2C2_EV_IRQHandler                       0x08001f5b   Thumb Code     0  startup_stm32f10x_md.o(.text)
    PVD_IRQHandler                           0x08001f5b   Thumb Code     0  startup_stm32f10x_md.o(.text)
    RCC_IRQHandler                           0x08001f5b   Thumb Code     0  startup_stm32f10x_md.o(.text)
    RTCAlarm_IRQHandler                      0x08001f5b   Thumb Code     0  startup_stm32f10x_md.o(.text)
    RTC_IRQHandler                           0x08001f5b   Thumb Code     0  startup_stm32f10x_md.o(.text)
    SPI1_IRQHandler                          0x08001f5b   Thumb Code     0  startup_stm32f10x_md.o(.text)
    SPI2_IRQHandler                          0x08001f5b   Thumb Code     0  startup_stm32f10x_md.o(.text)
    TAMPER_IRQHandler                        0x08001f5b   Thumb Code     0  startup_stm32f10x_md.o(.text)
    TIM1_BRK_IRQHandler                      0x08001f5b   Thumb Code     0  startup_stm32f10x_md.o(.text)
    TIM1_CC_IRQHandler                       0x08001f5b   Thumb Code     0  startup_stm32f10x_md.o(.text)
    TIM1_TRG_COM_IRQHandler                  0x08001f5b   Thumb Code     0  startup_stm32f10x_md.o(.text)
    TIM1_UP_IRQHandler                       0x08001f5b   Thumb Code     0  startup_stm32f10x_md.o(.text)
    TIM2_IRQHandler                          0x08001f5b   Thumb Code     0  startup_stm32f10x_md.o(.text)
    TIM3_IRQHandler                          0x08001f5b   Thumb Code     0  startup_stm32f10x_md.o(.text)
    TIM4_IRQHandler                          0x08001f5b   Thumb Code     0  startup_stm32f10x_md.o(.text)
    USART3_IRQHandler                        0x08001f5b   Thumb Code     0  startup_stm32f10x_md.o(.text)
    USBWakeUp_IRQHandler                     0x08001f5b   Thumb Code     0  startup_stm32f10x_md.o(.text)
    USB_HP_CAN1_TX_IRQHandler                0x08001f5b   Thumb Code     0  startup_stm32f10x_md.o(.text)
    USB_LP_CAN1_RX0_IRQHandler               0x08001f5b   Thumb Code     0  startup_stm32f10x_md.o(.text)
    WWDG_IRQHandler                          0x08001f5b   Thumb Code     0  startup_stm32f10x_md.o(.text)
    __user_initial_stackheap                 0x08001f5d   Thumb Code     0  startup_stm32f10x_md.o(.text)
    NVIC_PriorityGroupConfig                 0x08001f81   Thumb Code    10  misc.o(.text)
    NVIC_Init                                0x08001f8b   Thumb Code   100  misc.o(.text)
    NVIC_SetVectorTable                      0x08001fef   Thumb Code    14  misc.o(.text)
    NVIC_SystemLPConfig                      0x08001ffd   Thumb Code    34  misc.o(.text)
    SysTick_CLKSourceConfig                  0x0800201f   Thumb Code    40  misc.o(.text)
    ADC_DeInit                               0x0800205d   Thumb Code    78  stm32f10x_adc.o(.text)
    ADC_Init                                 0x080020ab   Thumb Code    70  stm32f10x_adc.o(.text)
    ADC_StructInit                           0x080020f1   Thumb Code    18  stm32f10x_adc.o(.text)
    ADC_Cmd                                  0x08002103   Thumb Code    22  stm32f10x_adc.o(.text)
    ADC_DMACmd                               0x08002119   Thumb Code    22  stm32f10x_adc.o(.text)
    ADC_ITConfig                             0x0800212f   Thumb Code    24  stm32f10x_adc.o(.text)
    ADC_ResetCalibration                     0x08002147   Thumb Code    10  stm32f10x_adc.o(.text)
    ADC_GetResetCalibrationStatus            0x08002151   Thumb Code    20  stm32f10x_adc.o(.text)
    ADC_StartCalibration                     0x08002165   Thumb Code    10  stm32f10x_adc.o(.text)
    ADC_GetCalibrationStatus                 0x0800216f   Thumb Code    20  stm32f10x_adc.o(.text)
    ADC_SoftwareStartConvCmd                 0x08002183   Thumb Code    22  stm32f10x_adc.o(.text)
    ADC_GetSoftwareStartConvStatus           0x08002199   Thumb Code    20  stm32f10x_adc.o(.text)
    ADC_DiscModeChannelCountConfig           0x080021ad   Thumb Code    24  stm32f10x_adc.o(.text)
    ADC_DiscModeCmd                          0x080021c5   Thumb Code    22  stm32f10x_adc.o(.text)
    ADC_RegularChannelConfig                 0x080021db   Thumb Code   184  stm32f10x_adc.o(.text)
    ADC_ExternalTrigConvCmd                  0x08002293   Thumb Code    22  stm32f10x_adc.o(.text)
    ADC_GetConversionValue                   0x080022a9   Thumb Code     8  stm32f10x_adc.o(.text)
    ADC_GetDualModeConversionValue           0x080022b1   Thumb Code     8  stm32f10x_adc.o(.text)
    ADC_AutoInjectedConvCmd                  0x080022b9   Thumb Code    22  stm32f10x_adc.o(.text)
    ADC_InjectedDiscModeCmd                  0x080022cf   Thumb Code    22  stm32f10x_adc.o(.text)
    ADC_ExternalTrigInjectedConvConfig       0x080022e5   Thumb Code    16  stm32f10x_adc.o(.text)
    ADC_ExternalTrigInjectedConvCmd          0x080022f5   Thumb Code    22  stm32f10x_adc.o(.text)
    ADC_SoftwareStartInjectedConvCmd         0x0800230b   Thumb Code    22  stm32f10x_adc.o(.text)
    ADC_GetSoftwareStartInjectedConvCmdStatus 0x08002321   Thumb Code    20  stm32f10x_adc.o(.text)
    ADC_InjectedChannelConfig                0x08002335   Thumb Code   130  stm32f10x_adc.o(.text)
    ADC_InjectedSequencerLengthConfig        0x080023b7   Thumb Code    24  stm32f10x_adc.o(.text)
    ADC_SetInjectedOffset                    0x080023cf   Thumb Code    20  stm32f10x_adc.o(.text)
    ADC_GetInjectedConversionValue           0x080023e3   Thumb Code    28  stm32f10x_adc.o(.text)
    ADC_AnalogWatchdogCmd                    0x080023ff   Thumb Code    16  stm32f10x_adc.o(.text)
    ADC_AnalogWatchdogThresholdsConfig       0x0800240f   Thumb Code     6  stm32f10x_adc.o(.text)
    ADC_AnalogWatchdogSingleChannelConfig    0x08002415   Thumb Code    16  stm32f10x_adc.o(.text)
    ADC_TempSensorVrefintCmd                 0x08002425   Thumb Code    64  stm32f10x_adc.o(.text)
    ADC_GetFlagStatus                        0x08002465   Thumb Code    18  stm32f10x_adc.o(.text)
    ADC_ClearFlag                            0x08002477   Thumb Code     6  stm32f10x_adc.o(.text)
    ADC_GetITStatus                          0x0800247d   Thumb Code    36  stm32f10x_adc.o(.text)
    ADC_ClearITPendingBit                    0x080024a1   Thumb Code    10  stm32f10x_adc.o(.text)
    GPIO_DeInit                              0x080024ad   Thumb Code   172  stm32f10x_gpio.o(.text)
    GPIO_AFIODeInit                          0x08002559   Thumb Code    20  stm32f10x_gpio.o(.text)
    GPIO_Init                                0x0800256d   Thumb Code   278  stm32f10x_gpio.o(.text)
    GPIO_StructInit                          0x08002683   Thumb Code    16  stm32f10x_gpio.o(.text)
    GPIO_ReadInputDataBit                    0x08002693   Thumb Code    18  stm32f10x_gpio.o(.text)
    GPIO_ReadInputData                       0x080026a5   Thumb Code     8  stm32f10x_gpio.o(.text)
    GPIO_ReadOutputDataBit                   0x080026ad   Thumb Code    18  stm32f10x_gpio.o(.text)
    GPIO_ReadOutputData                      0x080026bf   Thumb Code     8  stm32f10x_gpio.o(.text)
    GPIO_SetBits                             0x080026c7   Thumb Code     4  stm32f10x_gpio.o(.text)
    GPIO_ResetBits                           0x080026cb   Thumb Code     4  stm32f10x_gpio.o(.text)
    GPIO_WriteBit                            0x080026cf   Thumb Code    10  stm32f10x_gpio.o(.text)
    GPIO_Write                               0x080026d9   Thumb Code     4  stm32f10x_gpio.o(.text)
    GPIO_PinLockConfig                       0x080026dd   Thumb Code    18  stm32f10x_gpio.o(.text)
    GPIO_EventOutputConfig                   0x080026ef   Thumb Code    26  stm32f10x_gpio.o(.text)
    GPIO_EventOutputCmd                      0x08002709   Thumb Code     6  stm32f10x_gpio.o(.text)
    GPIO_PinRemapConfig                      0x0800270f   Thumb Code   138  stm32f10x_gpio.o(.text)
    GPIO_EXTILineConfig                      0x08002799   Thumb Code    66  stm32f10x_gpio.o(.text)
    GPIO_ETH_MediaInterfaceConfig            0x080027db   Thumb Code     8  stm32f10x_gpio.o(.text)
    RCC_DeInit                               0x08002809   Thumb Code    64  stm32f10x_rcc.o(.text)
    RCC_HSEConfig                            0x08002849   Thumb Code    70  stm32f10x_rcc.o(.text)
    RCC_GetFlagStatus                        0x0800288f   Thumb Code    56  stm32f10x_rcc.o(.text)
    RCC_WaitForHSEStartUp                    0x080028c7   Thumb Code    56  stm32f10x_rcc.o(.text)
    RCC_AdjustHSICalibrationValue            0x080028ff   Thumb Code    20  stm32f10x_rcc.o(.text)
    RCC_HSICmd                               0x08002913   Thumb Code     6  stm32f10x_rcc.o(.text)
    RCC_PLLConfig                            0x08002919   Thumb Code    24  stm32f10x_rcc.o(.text)
    RCC_PLLCmd                               0x08002931   Thumb Code     6  stm32f10x_rcc.o(.text)
    RCC_SYSCLKConfig                         0x08002937   Thumb Code    18  stm32f10x_rcc.o(.text)
    RCC_GetSYSCLKSource                      0x08002949   Thumb Code    10  stm32f10x_rcc.o(.text)
    RCC_HCLKConfig                           0x08002953   Thumb Code    18  stm32f10x_rcc.o(.text)
    RCC_PCLK1Config                          0x08002965   Thumb Code    18  stm32f10x_rcc.o(.text)
    RCC_PCLK2Config                          0x08002977   Thumb Code    20  stm32f10x_rcc.o(.text)
    RCC_ITConfig                             0x0800298b   Thumb Code    26  stm32f10x_rcc.o(.text)
    RCC_USBCLKConfig                         0x080029a5   Thumb Code     8  stm32f10x_rcc.o(.text)
    RCC_ADCCLKConfig                         0x080029ad   Thumb Code    18  stm32f10x_rcc.o(.text)
    RCC_LSEConfig                            0x080029bf   Thumb Code    50  stm32f10x_rcc.o(.text)
    RCC_LSICmd                               0x080029f1   Thumb Code     6  stm32f10x_rcc.o(.text)
    RCC_RTCCLKConfig                         0x080029f7   Thumb Code    12  stm32f10x_rcc.o(.text)
    RCC_RTCCLKCmd                            0x08002a03   Thumb Code     8  stm32f10x_rcc.o(.text)
    RCC_GetClocksFreq                        0x08002a0b   Thumb Code   192  stm32f10x_rcc.o(.text)
    RCC_AHBPeriphClockCmd                    0x08002acb   Thumb Code    26  stm32f10x_rcc.o(.text)
    RCC_APB2PeriphClockCmd                   0x08002ae5   Thumb Code    26  stm32f10x_rcc.o(.text)
    RCC_APB1PeriphClockCmd                   0x08002aff   Thumb Code    26  stm32f10x_rcc.o(.text)
    RCC_APB2PeriphResetCmd                   0x08002b19   Thumb Code    26  stm32f10x_rcc.o(.text)
    RCC_APB1PeriphResetCmd                   0x08002b33   Thumb Code    26  stm32f10x_rcc.o(.text)
    RCC_BackupResetCmd                       0x08002b4d   Thumb Code     8  stm32f10x_rcc.o(.text)
    RCC_ClockSecuritySystemCmd               0x08002b55   Thumb Code     6  stm32f10x_rcc.o(.text)
    RCC_MCOConfig                            0x08002b5b   Thumb Code     6  stm32f10x_rcc.o(.text)
    RCC_ClearFlag                            0x08002b61   Thumb Code    14  stm32f10x_rcc.o(.text)
    RCC_GetITStatus                          0x08002b6f   Thumb Code    20  stm32f10x_rcc.o(.text)
    RCC_ClearITPendingBit                    0x08002b83   Thumb Code     6  stm32f10x_rcc.o(.text)
    TIM_DeInit                               0x08002bad   Thumb Code   424  stm32f10x_tim.o(.text)
    TIM_TimeBaseInit                         0x08002d55   Thumb Code   122  stm32f10x_tim.o(.text)
    TIM_OC1Init                              0x08002dcf   Thumb Code   132  stm32f10x_tim.o(.text)
    TIM_OC2Init                              0x08002e53   Thumb Code   154  stm32f10x_tim.o(.text)
    TIM_OC3Init                              0x08002eed   Thumb Code   150  stm32f10x_tim.o(.text)
    TIM_OC4Init                              0x08002f83   Thumb Code   182  stm32f10x_tim.o(.text)
    TIM_SetIC4Prescaler                      0x08003039   Thumb Code    26  stm32f10x_tim.o(.text)
    TIM_SetIC3Prescaler                      0x080030d5   Thumb Code    18  stm32f10x_tim.o(.text)
    TIM_SetIC2Prescaler                      0x08003161   Thumb Code    26  stm32f10x_tim.o(.text)
    TIM_SetIC1Prescaler                      0x080031fd   Thumb Code    18  stm32f10x_tim.o(.text)
    TIM_ICInit                               0x0800327b   Thumb Code   150  stm32f10x_tim.o(.text)
    TIM_PWMIConfig                           0x08003311   Thumb Code   124  stm32f10x_tim.o(.text)
    TIM_BDTRConfig                           0x0800338d   Thumb Code    32  stm32f10x_tim.o(.text)
    TIM_TimeBaseStructInit                   0x080033ad   Thumb Code    18  stm32f10x_tim.o(.text)
    TIM_OCStructInit                         0x080033bf   Thumb Code    20  stm32f10x_tim.o(.text)
    TIM_ICStructInit                         0x080033d3   Thumb Code    18  stm32f10x_tim.o(.text)
    TIM_BDTRStructInit                       0x080033e5   Thumb Code    40  stm32f10x_tim.o(.text)
    TIM_Cmd                                  0x0800340d   Thumb Code    24  stm32f10x_tim.o(.text)
    TIM_CtrlPWMOutputs                       0x08003425   Thumb Code    30  stm32f10x_tim.o(.text)
    TIM_ITConfig                             0x08003443   Thumb Code    18  stm32f10x_tim.o(.text)
    TIM_GenerateEvent                        0x08003455   Thumb Code     4  stm32f10x_tim.o(.text)
    TIM_DMAConfig                            0x08003459   Thumb Code    10  stm32f10x_tim.o(.text)
    TIM_DMACmd                               0x08003463   Thumb Code    18  stm32f10x_tim.o(.text)
    TIM_InternalClockConfig                  0x08003475   Thumb Code    12  stm32f10x_tim.o(.text)
    TIM_SelectInputTrigger                   0x08003481   Thumb Code    18  stm32f10x_tim.o(.text)
    TIM_ITRxExternalClockConfig              0x08003493   Thumb Code    24  stm32f10x_tim.o(.text)
    TIM_TIxExternalClockConfig               0x080034ab   Thumb Code    62  stm32f10x_tim.o(.text)
    TIM_ETRConfig                            0x080034e9   Thumb Code    28  stm32f10x_tim.o(.text)
    TIM_ETRClockMode1Config                  0x08003505   Thumb Code    54  stm32f10x_tim.o(.text)
    TIM_ETRClockMode2Config                  0x0800353b   Thumb Code    32  stm32f10x_tim.o(.text)
    TIM_PrescalerConfig                      0x0800355b   Thumb Code     6  stm32f10x_tim.o(.text)
    TIM_CounterModeConfig                    0x08003561   Thumb Code    18  stm32f10x_tim.o(.text)
    TIM_EncoderInterfaceConfig               0x08003573   Thumb Code    66  stm32f10x_tim.o(.text)
    TIM_ForcedOC1Config                      0x080035b5   Thumb Code    18  stm32f10x_tim.o(.text)
    TIM_ForcedOC2Config                      0x080035c7   Thumb Code    26  stm32f10x_tim.o(.text)
    TIM_ForcedOC3Config                      0x080035e1   Thumb Code    18  stm32f10x_tim.o(.text)
    TIM_ForcedOC4Config                      0x080035f3   Thumb Code    26  stm32f10x_tim.o(.text)
    TIM_ARRPreloadConfig                     0x0800360d   Thumb Code    24  stm32f10x_tim.o(.text)
    TIM_SelectCOM                            0x08003625   Thumb Code    24  stm32f10x_tim.o(.text)
    TIM_SelectCCDMA                          0x0800363d   Thumb Code    24  stm32f10x_tim.o(.text)
    TIM_CCPreloadControl                     0x08003655   Thumb Code    24  stm32f10x_tim.o(.text)
    TIM_OC1PreloadConfig                     0x0800366d   Thumb Code    18  stm32f10x_tim.o(.text)
    TIM_OC2PreloadConfig                     0x0800367f   Thumb Code    26  stm32f10x_tim.o(.text)
    TIM_OC3PreloadConfig                     0x08003699   Thumb Code    18  stm32f10x_tim.o(.text)
    TIM_OC4PreloadConfig                     0x080036ab   Thumb Code    26  stm32f10x_tim.o(.text)
    TIM_OC1FastConfig                        0x080036c5   Thumb Code    18  stm32f10x_tim.o(.text)
    TIM_OC2FastConfig                        0x080036d7   Thumb Code    26  stm32f10x_tim.o(.text)
    TIM_OC3FastConfig                        0x080036f1   Thumb Code    18  stm32f10x_tim.o(.text)
    TIM_OC4FastConfig                        0x08003703   Thumb Code    26  stm32f10x_tim.o(.text)
    TIM_ClearOC1Ref                          0x0800371d   Thumb Code    18  stm32f10x_tim.o(.text)
    TIM_ClearOC2Ref                          0x0800372f   Thumb Code    24  stm32f10x_tim.o(.text)
    TIM_ClearOC3Ref                          0x08003747   Thumb Code    18  stm32f10x_tim.o(.text)
    TIM_ClearOC4Ref                          0x08003759   Thumb Code    24  stm32f10x_tim.o(.text)
    TIM_OC1PolarityConfig                    0x08003771   Thumb Code    18  stm32f10x_tim.o(.text)
    TIM_OC1NPolarityConfig                   0x08003783   Thumb Code    18  stm32f10x_tim.o(.text)
    TIM_OC2PolarityConfig                    0x08003795   Thumb Code    26  stm32f10x_tim.o(.text)
    TIM_OC2NPolarityConfig                   0x080037af   Thumb Code    26  stm32f10x_tim.o(.text)
    TIM_OC3PolarityConfig                    0x080037c9   Thumb Code    26  stm32f10x_tim.o(.text)
    TIM_OC3NPolarityConfig                   0x080037e3   Thumb Code    26  stm32f10x_tim.o(.text)
    TIM_OC4PolarityConfig                    0x080037fd   Thumb Code    26  stm32f10x_tim.o(.text)
    TIM_CCxCmd                               0x08003817   Thumb Code    30  stm32f10x_tim.o(.text)
    TIM_CCxNCmd                              0x08003835   Thumb Code    30  stm32f10x_tim.o(.text)
    TIM_SelectOCxM                           0x08003853   Thumb Code    82  stm32f10x_tim.o(.text)
    TIM_UpdateDisableConfig                  0x080038a5   Thumb Code    24  stm32f10x_tim.o(.text)
    TIM_UpdateRequestConfig                  0x080038bd   Thumb Code    24  stm32f10x_tim.o(.text)
    TIM_SelectHallSensor                     0x080038d5   Thumb Code    24  stm32f10x_tim.o(.text)
    TIM_SelectOnePulseMode                   0x080038ed   Thumb Code    18  stm32f10x_tim.o(.text)
    TIM_SelectOutputTrigger                  0x080038ff   Thumb Code    18  stm32f10x_tim.o(.text)
    TIM_SelectSlaveMode                      0x08003911   Thumb Code    18  stm32f10x_tim.o(.text)
    TIM_SelectMasterSlaveMode                0x08003923   Thumb Code    18  stm32f10x_tim.o(.text)
    TIM_SetCounter                           0x08003935   Thumb Code     4  stm32f10x_tim.o(.text)
    TIM_SetAutoreload                        0x08003939   Thumb Code     4  stm32f10x_tim.o(.text)
    TIM_SetCompare1                          0x0800393d   Thumb Code     4  stm32f10x_tim.o(.text)
    TIM_SetCompare2                          0x08003941   Thumb Code     4  stm32f10x_tim.o(.text)
    TIM_SetCompare3                          0x08003945   Thumb Code     4  stm32f10x_tim.o(.text)
    TIM_SetCompare4                          0x08003949   Thumb Code     6  stm32f10x_tim.o(.text)
    TIM_SetClockDivision                     0x0800394f   Thumb Code    18  stm32f10x_tim.o(.text)
    TIM_GetCapture1                          0x08003961   Thumb Code     6  stm32f10x_tim.o(.text)
    TIM_GetCapture2                          0x08003967   Thumb Code     6  stm32f10x_tim.o(.text)
    TIM_GetCapture3                          0x0800396d   Thumb Code     6  stm32f10x_tim.o(.text)
    TIM_GetCapture4                          0x08003973   Thumb Code     8  stm32f10x_tim.o(.text)
    TIM_GetCounter                           0x0800397b   Thumb Code     6  stm32f10x_tim.o(.text)
    TIM_GetPrescaler                         0x08003981   Thumb Code     6  stm32f10x_tim.o(.text)
    TIM_GetFlagStatus                        0x08003987   Thumb Code    18  stm32f10x_tim.o(.text)
    TIM_ClearFlag                            0x08003999   Thumb Code     6  stm32f10x_tim.o(.text)
    TIM_GetITStatus                          0x0800399f   Thumb Code    34  stm32f10x_tim.o(.text)
    TIM_ClearITPendingBit                    0x080039c1   Thumb Code     6  stm32f10x_tim.o(.text)
    USART_DeInit                             0x080039c9   Thumb Code   134  stm32f10x_usart.o(.text)
    USART_Init                               0x08003a4f   Thumb Code   210  stm32f10x_usart.o(.text)
    USART_StructInit                         0x08003b21   Thumb Code    24  stm32f10x_usart.o(.text)
    USART_ClockInit                          0x08003b39   Thumb Code    34  stm32f10x_usart.o(.text)
    USART_ClockStructInit                    0x08003b5b   Thumb Code    12  stm32f10x_usart.o(.text)
    USART_Cmd                                0x08003b67   Thumb Code    24  stm32f10x_usart.o(.text)
    USART_ITConfig                           0x08003b7f   Thumb Code    74  stm32f10x_usart.o(.text)
    USART_DMACmd                             0x08003bc9   Thumb Code    18  stm32f10x_usart.o(.text)
    USART_SetAddress                         0x08003bdb   Thumb Code    18  stm32f10x_usart.o(.text)
    USART_WakeUpConfig                       0x08003bed   Thumb Code    18  stm32f10x_usart.o(.text)
    USART_ReceiverWakeUpCmd                  0x08003bff   Thumb Code    24  stm32f10x_usart.o(.text)
    USART_LINBreakDetectLengthConfig         0x08003c17   Thumb Code    18  stm32f10x_usart.o(.text)
    USART_LINCmd                             0x08003c29   Thumb Code    24  stm32f10x_usart.o(.text)
    USART_SendData                           0x08003c41   Thumb Code     8  stm32f10x_usart.o(.text)
    USART_ReceiveData                        0x08003c49   Thumb Code    10  stm32f10x_usart.o(.text)
    USART_SendBreak                          0x08003c53   Thumb Code    10  stm32f10x_usart.o(.text)
    USART_SetGuardTime                       0x08003c5d   Thumb Code    16  stm32f10x_usart.o(.text)
    USART_SetPrescaler                       0x08003c6d   Thumb Code    16  stm32f10x_usart.o(.text)
    USART_SmartCardCmd                       0x08003c7d   Thumb Code    24  stm32f10x_usart.o(.text)
    USART_SmartCardNACKCmd                   0x08003c95   Thumb Code    24  stm32f10x_usart.o(.text)
    USART_HalfDuplexCmd                      0x08003cad   Thumb Code    24  stm32f10x_usart.o(.text)
    USART_OverSampling8Cmd                   0x08003cc5   Thumb Code    22  stm32f10x_usart.o(.text)
    USART_OneBitMethodCmd                    0x08003cdb   Thumb Code    24  stm32f10x_usart.o(.text)
    USART_IrDAConfig                         0x08003cf3   Thumb Code    18  stm32f10x_usart.o(.text)
    USART_IrDACmd                            0x08003d05   Thumb Code    24  stm32f10x_usart.o(.text)
    USART_GetFlagStatus                      0x08003d1d   Thumb Code    26  stm32f10x_usart.o(.text)
    USART_ClearFlag                          0x08003d37   Thumb Code    18  stm32f10x_usart.o(.text)
    USART_GetITStatus                        0x08003d49   Thumb Code    84  stm32f10x_usart.o(.text)
    USART_ClearITPendingBit                  0x08003d9d   Thumb Code    52  stm32f10x_usart.o(.text)
    __c89vsnprintf                           0x08003dd1   Thumb Code    48  c89vsnprintf.o(.text)
    __aeabi_memclr                           0x08003e05   Thumb Code     0  rt_memclr.o(.text)
    __rt_memclr                              0x08003e05   Thumb Code    68  rt_memclr.o(.text)
    _memset                                  0x08003e09   Thumb Code     0  rt_memclr.o(.text)
    __use_two_region_memory                  0x08003e49   Thumb Code     2  heapauxi.o(.text)
    __rt_heap_escrow$2region                 0x08003e4b   Thumb Code     2  heapauxi.o(.text)
    __rt_heap_expand$2region                 0x08003e4d   Thumb Code     2  heapauxi.o(.text)
    _printf_pre_padding                      0x08003e4f   Thumb Code    44  _printf_pad.o(.text)
    _printf_post_padding                     0x08003e7b   Thumb Code    34  _printf_pad.o(.text)
    _printf_truncate_signed                  0x08003e9d   Thumb Code    18  _printf_truncate.o(.text)
    _printf_truncate_unsigned                0x08003eaf   Thumb Code    18  _printf_truncate.o(.text)
    _printf_str                              0x08003ec1   Thumb Code    82  _printf_str.o(.text)
    _printf_int_dec                          0x08003f15   Thumb Code   104  _printf_dec.o(.text)
    _printf_charcount                        0x08003f8d   Thumb Code    40  _printf_charcount.o(.text)
    _printf_char_common                      0x08003fbf   Thumb Code    32  _printf_char_common.o(.text)
    _sputc                                   0x08003fe5   Thumb Code    10  _sputc.o(.text)
    _snputc                                  0x08003fef   Thumb Code    16  _snputc.o(.text)
    _printf_wctomb                           0x08004001   Thumb Code   182  _printf_wctomb.o(.text)
    _printf_longlong_dec                     0x080040bd   Thumb Code   108  _printf_longlong_dec.o(.text)
    _printf_longlong_oct                     0x08004139   Thumb Code    66  _printf_oct_int_ll.o(.text)
    _printf_int_oct                          0x0800417b   Thumb Code    24  _printf_oct_int_ll.o(.text)
    _printf_ll_oct                           0x08004193   Thumb Code    12  _printf_oct_int_ll.o(.text)
    _printf_longlong_hex                     0x080041a9   Thumb Code    86  _printf_hex_int_ll_ptr.o(.text)
    _printf_int_hex                          0x080041ff   Thumb Code    28  _printf_hex_int_ll_ptr.o(.text)
    _printf_ll_hex                           0x0800421b   Thumb Code    12  _printf_hex_int_ll_ptr.o(.text)
    _printf_hex_ptr                          0x08004227   Thumb Code    18  _printf_hex_int_ll_ptr.o(.text)
    __printf                                 0x0800423d   Thumb Code   388  __printf_flags_ss_wp.o(.text)
    __aeabi_memclr4                          0x080043c5   Thumb Code     0  rt_memclr_w.o(.text)
    __aeabi_memclr8                          0x080043c5   Thumb Code     0  rt_memclr_w.o(.text)
    __rt_memclr_w                            0x080043c5   Thumb Code    78  rt_memclr_w.o(.text)
    _memset_w                                0x080043c9   Thumb Code     0  rt_memclr_w.o(.text)
    _ll_udiv10                               0x08004413   Thumb Code   138  lludiv10.o(.text)
    _printf_int_common                       0x0800449d   Thumb Code   178  _printf_intcommon.o(.text)
    __lib_sel_fp_printf                      0x0800454f   Thumb Code     2  _printf_fp_dec.o(.text)
    _printf_fp_dec_real                      0x08004701   Thumb Code   620  _printf_fp_dec.o(.text)
    _printf_cs_common                        0x0800496d   Thumb Code    20  _printf_char.o(.text)
    _printf_char                             0x08004981   Thumb Code    16  _printf_char.o(.text)
    _printf_string                           0x08004991   Thumb Code     8  _printf_char.o(.text)
    _printf_lcs_common                       0x08004999   Thumb Code    20  _printf_wchar.o(.text)
    _printf_wchar                            0x080049ad   Thumb Code    16  _printf_wchar.o(.text)
    _printf_wstring                          0x080049bd   Thumb Code     8  _printf_wchar.o(.text)
    _wcrtomb                                 0x080049c5   Thumb Code    64  _wcrtomb.o(.text)
    __user_setup_stackheap                   0x08004a05   Thumb Code    74  sys_stackheap_outer.o(.text)
    __rt_ctype_table                         0x08004a51   Thumb Code    16  rt_ctype_table.o(.text)
    __rt_locale                              0x08004a61   Thumb Code     8  rt_locale_intlibspace.o(.text)
    _printf_fp_infnan                        0x08004a69   Thumb Code   112  _printf_fp_infnan.o(.text)
    _btod_etento                             0x08004ae9   Thumb Code   224  bigflt0.o(.text)
    exit                                     0x08004bcd   Thumb Code    18  exit.o(.text)
    __user_libspace                          0x08004be1   Thumb Code     8  libspace.o(.text)
    __user_perproc_libspace                  0x08004be1   Thumb Code     0  libspace.o(.text)
    __user_perthread_libspace                0x08004be1   Thumb Code     0  libspace.o(.text)
    strcmp                                   0x08004be9   Thumb Code   128  strcmpv7m.o(.text)
    _sys_exit                                0x08004c69   Thumb Code     8  sys_exit.o(.text)
    __I$use$semihosting                      0x08004c75   Thumb Code     0  use_no_semi.o(.text)
    __use_no_semihosting_swi                 0x08004c75   Thumb Code     2  use_no_semi.o(.text)
    __semihosting_library_function           0x08004c77   Thumb Code     0  indicate_semi.o(.text)
    _btod_d2e                                0x08004c77   Thumb Code    62  btod.o(CL$$btod_d2e)
    _d2e_denorm_low                          0x08004cb5   Thumb Code    70  btod.o(CL$$btod_d2e_denorm_low)
    _d2e_norm_op1                            0x08004cfb   Thumb Code    96  btod.o(CL$$btod_d2e_norm_op1)
    __btod_div_common                        0x08004d5b   Thumb Code   696  btod.o(CL$$btod_div_common)
    _e2e                                     0x08005093   Thumb Code   220  btod.o(CL$$btod_e2e)
    _btod_ediv                               0x0800516f   Thumb Code    42  btod.o(CL$$btod_ediv)
    _btod_emul                               0x08005199   Thumb Code    42  btod.o(CL$$btod_emul)
    __btod_mult_common                       0x080051c3   Thumb Code   580  btod.o(CL$$btod_mult_common)
    __ARM_fpclassify                         0x08005407   Thumb Code    40  fpclassify.o(i.__ARM_fpclassify)
    _is_digit                                0x0800542f   Thumb Code    14  __printf_wp.o(i._is_digit)
    _get_lc_numeric                          0x0800543d   Thumb Code    44  lc_numeric_c.o(locale$$code)
    _get_lc_ctype                            0x08005469   Thumb Code    44  lc_ctype_c.o(locale$$code)
    _printf_fp_dec                           0x08005495   Thumb Code     4  printf1.o(x$fpl$printf1)
    __I$use$fp                               0x08005498   Number         0  usenofp.o(x$fpl$usenofp)
    asc2_0806                                0x08005498   Data         552  oled.o(.constdata)
    asc2_1206                                0x080056c0   Data        1140  oled.o(.constdata)
    asc2_1608                                0x08005b34   Data        1520  oled.o(.constdata)
    asc2_2412                                0x08006124   Data        3420  oled.o(.constdata)
    Hzk1                                     0x08006e80   Data         544  oled.o(.constdata)
    Hzk2                                     0x080070a0   Data          72  oled.o(.constdata)
    Hzk3                                     0x080070e8   Data         128  oled.o(.constdata)
    Hzk4                                     0x08007168   Data         512  oled.o(.constdata)
    Region$$Table$$Base                      0x08007440   Number         0  anon$$obj.o(Region$$Table)
    Region$$Table$$Limit                     0x08007460   Number         0  anon$$obj.o(Region$$Table)
    __ctype                                  0x08007489   Data           0  lc_ctype_c.o(locale$$data)
    key_num                                  0x20000000   Data           1  main.o(.data)
    time_num                                 0x20000004   Data           4  main.o(.data)
    flag_waste_1                             0x20000008   Data           1  main.o(.data)
    flag_waste_2                             0x20000009   Data           1  main.o(.data)
    flag_waste_3                             0x2000000a   Data           1  main.o(.data)
    flag_waste_4                             0x2000000b   Data           1  main.o(.data)
    SystemCoreClock                          0x2000000c   Data           4  system_stm32f10x.o(.data)
    AHBPrescTable                            0x20000010   Data          16  system_stm32f10x.o(.data)
    usart1_cnt                               0x20000026   Data           2  usart.o(.data)
    usart1_cntPre                            0x20000028   Data           2  usart.o(.data)
    usart2_cnt                               0x2000002a   Data           2  usart.o(.data)
    usart2_cntPre                            0x2000002c   Data           2  usart.o(.data)
    OLED_GRAM                                0x20000044   Data        1152  oled.o(.bss)
    usart1_buf                               0x200004c4   Data          64  usart.o(.bss)
    usart2_buf                               0x20000504   Data          64  usart.o(.bss)
    __libspace_start                         0x20000544   Data          96  libspace.o(.bss)
    __temporary_stack_top$libspace           0x200005a4   Data           0  libspace.o(.bss)



==============================================================================

Memory Map of the image

  Image Entry point : 0x080000ed

  Load Region LR_IROM1 (Base: 0x08000000, Size: 0x000075d0, Max: 0x00010000, ABSOLUTE)

    Execution Region ER_IROM1 (Exec base: 0x08000000, Load base: 0x08000000, Size: 0x0000758c, Max: 0x00010000, ABSOLUTE)

    Exec Addr    Load Addr    Size         Type   Attr      Idx    E Section Name        Object

    0x08000000   0x08000000   0x000000ec   Data   RO          323    RESET               startup_stm32f10x_md.o
    0x080000ec   0x080000ec   0x00000008   Code   RO          470  * !!!main             c_w.l(__main.o)
    0x080000f4   0x080000f4   0x00000034   Code   RO          786    !!!scatter          c_w.l(__scatter.o)
    0x08000128   0x08000128   0x0000001a   Code   RO          788    !!handler_copy      c_w.l(__scatter_copy.o)
    0x08000142   0x08000142   0x00000002   PAD
    0x08000144   0x08000144   0x0000001c   Code   RO          790    !!handler_zi        c_w.l(__scatter_zi.o)
    0x08000160   0x08000160   0x00000000   Code   RO          556    .ARM.Collect$$_printf_percent$$00000000  c_w.l(_printf_percent.o)
    0x08000160   0x08000160   0x00000006   Code   RO          545    .ARM.Collect$$_printf_percent$$00000001  c_w.l(_printf_n.o)
    0x08000166   0x08000166   0x00000006   Code   RO          547    .ARM.Collect$$_printf_percent$$00000002  c_w.l(_printf_p.o)
    0x0800016c   0x0800016c   0x00000006   Code   RO          552    .ARM.Collect$$_printf_percent$$00000003  c_w.l(_printf_f.o)
    0x08000172   0x08000172   0x00000006   Code   RO          553    .ARM.Collect$$_printf_percent$$00000004  c_w.l(_printf_e.o)
    0x08000178   0x08000178   0x00000006   Code   RO          554    .ARM.Collect$$_printf_percent$$00000005  c_w.l(_printf_g.o)
    0x0800017e   0x0800017e   0x00000006   Code   RO          555    .ARM.Collect$$_printf_percent$$00000006  c_w.l(_printf_a.o)
    0x08000184   0x08000184   0x0000000a   Code   RO          560    .ARM.Collect$$_printf_percent$$00000007  c_w.l(_printf_ll.o)
    0x0800018e   0x0800018e   0x00000006   Code   RO          549    .ARM.Collect$$_printf_percent$$00000008  c_w.l(_printf_i.o)
    0x08000194   0x08000194   0x00000006   Code   RO          550    .ARM.Collect$$_printf_percent$$00000009  c_w.l(_printf_d.o)
    0x0800019a   0x0800019a   0x00000006   Code   RO          551    .ARM.Collect$$_printf_percent$$0000000A  c_w.l(_printf_u.o)
    0x080001a0   0x080001a0   0x00000006   Code   RO          548    .ARM.Collect$$_printf_percent$$0000000B  c_w.l(_printf_o.o)
    0x080001a6   0x080001a6   0x00000006   Code   RO          546    .ARM.Collect$$_printf_percent$$0000000C  c_w.l(_printf_x.o)
    0x080001ac   0x080001ac   0x00000006   Code   RO          557    .ARM.Collect$$_printf_percent$$0000000D  c_w.l(_printf_lli.o)
    0x080001b2   0x080001b2   0x00000006   Code   RO          558    .ARM.Collect$$_printf_percent$$0000000E  c_w.l(_printf_lld.o)
    0x080001b8   0x080001b8   0x00000006   Code   RO          559    .ARM.Collect$$_printf_percent$$0000000F  c_w.l(_printf_llu.o)
    0x080001be   0x080001be   0x00000006   Code   RO          564    .ARM.Collect$$_printf_percent$$00000010  c_w.l(_printf_llo.o)
    0x080001c4   0x080001c4   0x00000006   Code   RO          565    .ARM.Collect$$_printf_percent$$00000011  c_w.l(_printf_llx.o)
    0x080001ca   0x080001ca   0x0000000a   Code   RO          561    .ARM.Collect$$_printf_percent$$00000012  c_w.l(_printf_l.o)
    0x080001d4   0x080001d4   0x00000006   Code   RO          543    .ARM.Collect$$_printf_percent$$00000013  c_w.l(_printf_c.o)
    0x080001da   0x080001da   0x00000006   Code   RO          544    .ARM.Collect$$_printf_percent$$00000014  c_w.l(_printf_s.o)
    0x080001e0   0x080001e0   0x00000006   Code   RO          562    .ARM.Collect$$_printf_percent$$00000015  c_w.l(_printf_lc.o)
    0x080001e6   0x080001e6   0x00000006   Code   RO          563    .ARM.Collect$$_printf_percent$$00000016  c_w.l(_printf_ls.o)
    0x080001ec   0x080001ec   0x00000004   Code   RO          597    .ARM.Collect$$_printf_percent$$00000017  c_w.l(_printf_percent_end.o)
    0x080001f0   0x080001f0   0x00000002   Code   RO          646    .ARM.Collect$$libinit$$00000000  c_w.l(libinit.o)
    0x080001f2   0x080001f2   0x00000000   Code   RO          663    .ARM.Collect$$libinit$$00000002  c_w.l(libinit2.o)
    0x080001f2   0x080001f2   0x00000000   Code   RO          665    .ARM.Collect$$libinit$$00000004  c_w.l(libinit2.o)
    0x080001f2   0x080001f2   0x00000000   Code   RO          668    .ARM.Collect$$libinit$$0000000A  c_w.l(libinit2.o)
    0x080001f2   0x080001f2   0x00000000   Code   RO          670    .ARM.Collect$$libinit$$0000000C  c_w.l(libinit2.o)
    0x080001f2   0x080001f2   0x00000000   Code   RO          672    .ARM.Collect$$libinit$$0000000E  c_w.l(libinit2.o)
    0x080001f2   0x080001f2   0x00000006   Code   RO          673    .ARM.Collect$$libinit$$0000000F  c_w.l(libinit2.o)
    0x080001f8   0x080001f8   0x00000000   Code   RO          675    .ARM.Collect$$libinit$$00000011  c_w.l(libinit2.o)
    0x080001f8   0x080001f8   0x0000000c   Code   RO          676    .ARM.Collect$$libinit$$00000012  c_w.l(libinit2.o)
    0x08000204   0x08000204   0x00000000   Code   RO          677    .ARM.Collect$$libinit$$00000013  c_w.l(libinit2.o)
    0x08000204   0x08000204   0x00000000   Code   RO          679    .ARM.Collect$$libinit$$00000015  c_w.l(libinit2.o)
    0x08000204   0x08000204   0x0000000a   Code   RO          680    .ARM.Collect$$libinit$$00000016  c_w.l(libinit2.o)
    0x0800020e   0x0800020e   0x00000000   Code   RO          681    .ARM.Collect$$libinit$$00000017  c_w.l(libinit2.o)
    0x0800020e   0x0800020e   0x00000000   Code   RO          683    .ARM.Collect$$libinit$$00000019  c_w.l(libinit2.o)
    0x0800020e   0x0800020e   0x00000000   Code   RO          685    .ARM.Collect$$libinit$$0000001B  c_w.l(libinit2.o)
    0x0800020e   0x0800020e   0x00000000   Code   RO          687    .ARM.Collect$$libinit$$0000001D  c_w.l(libinit2.o)
    0x0800020e   0x0800020e   0x00000000   Code   RO          689    .ARM.Collect$$libinit$$0000001F  c_w.l(libinit2.o)
    0x0800020e   0x0800020e   0x00000000   Code   RO          691    .ARM.Collect$$libinit$$00000021  c_w.l(libinit2.o)
    0x0800020e   0x0800020e   0x00000000   Code   RO          693    .ARM.Collect$$libinit$$00000023  c_w.l(libinit2.o)
    0x0800020e   0x0800020e   0x00000000   Code   RO          695    .ARM.Collect$$libinit$$00000025  c_w.l(libinit2.o)
    0x0800020e   0x0800020e   0x00000000   Code   RO          699    .ARM.Collect$$libinit$$0000002C  c_w.l(libinit2.o)
    0x0800020e   0x0800020e   0x00000000   Code   RO          701    .ARM.Collect$$libinit$$0000002E  c_w.l(libinit2.o)
    0x0800020e   0x0800020e   0x00000000   Code   RO          703    .ARM.Collect$$libinit$$00000030  c_w.l(libinit2.o)
    0x0800020e   0x0800020e   0x00000000   Code   RO          705    .ARM.Collect$$libinit$$00000032  c_w.l(libinit2.o)
    0x0800020e   0x0800020e   0x00000002   Code   RO          706    .ARM.Collect$$libinit$$00000033  c_w.l(libinit2.o)
    0x08000210   0x08000210   0x00000002   Code   RO          726    .ARM.Collect$$libshutdown$$00000000  c_w.l(libshutdown.o)
    0x08000212   0x08000212   0x00000000   Code   RO          739    .ARM.Collect$$libshutdown$$00000002  c_w.l(libshutdown2.o)
    0x08000212   0x08000212   0x00000000   Code   RO          741    .ARM.Collect$$libshutdown$$00000004  c_w.l(libshutdown2.o)
    0x08000212   0x08000212   0x00000000   Code   RO          744    .ARM.Collect$$libshutdown$$00000007  c_w.l(libshutdown2.o)
    0x08000212   0x08000212   0x00000000   Code   RO          747    .ARM.Collect$$libshutdown$$0000000A  c_w.l(libshutdown2.o)
    0x08000212   0x08000212   0x00000000   Code   RO          749    .ARM.Collect$$libshutdown$$0000000C  c_w.l(libshutdown2.o)
    0x08000212   0x08000212   0x00000000   Code   RO          752    .ARM.Collect$$libshutdown$$0000000F  c_w.l(libshutdown2.o)
    0x08000212   0x08000212   0x00000002   Code   RO          753    .ARM.Collect$$libshutdown$$00000010  c_w.l(libshutdown2.o)
    0x08000214   0x08000214   0x00000000   Code   RO          472    .ARM.Collect$$rtentry$$00000000  c_w.l(__rtentry.o)
    0x08000214   0x08000214   0x00000000   Code   RO          571    .ARM.Collect$$rtentry$$00000002  c_w.l(__rtentry2.o)
    0x08000214   0x08000214   0x00000006   Code   RO          583    .ARM.Collect$$rtentry$$00000004  c_w.l(__rtentry4.o)
    0x0800021a   0x0800021a   0x00000000   Code   RO          573    .ARM.Collect$$rtentry$$00000009  c_w.l(__rtentry2.o)
    0x0800021a   0x0800021a   0x00000004   Code   RO          574    .ARM.Collect$$rtentry$$0000000A  c_w.l(__rtentry2.o)
    0x0800021e   0x0800021e   0x00000000   Code   RO          576    .ARM.Collect$$rtentry$$0000000C  c_w.l(__rtentry2.o)
    0x0800021e   0x0800021e   0x00000008   Code   RO          577    .ARM.Collect$$rtentry$$0000000D  c_w.l(__rtentry2.o)
    0x08000226   0x08000226   0x00000002   Code   RO          655    .ARM.Collect$$rtexit$$00000000  c_w.l(rtexit.o)
    0x08000228   0x08000228   0x00000000   Code   RO          708    .ARM.Collect$$rtexit$$00000002  c_w.l(rtexit2.o)
    0x08000228   0x08000228   0x00000004   Code   RO          709    .ARM.Collect$$rtexit$$00000003  c_w.l(rtexit2.o)
    0x0800022c   0x0800022c   0x00000006   Code   RO          710    .ARM.Collect$$rtexit$$00000004  c_w.l(rtexit2.o)
    0x08000232   0x08000232   0x00000002   PAD
    0x08000234   0x08000234   0x000007c8   Code   RO            1    .text               main.o
    0x080009fc   0x080009fc   0x0000001a   Code   RO          136    .text               stm32f10x_it.o
    0x08000a16   0x08000a16   0x00000002   PAD
    0x08000a18   0x08000a18   0x000001e0   Code   RO          177    .text               system_stm32f10x.o
    0x08000bf8   0x08000bf8   0x00000230   Code   RO          195    .text               gpio.o
    0x08000e28   0x08000e28   0x00000140   Code   RO          207    .text               key.o
    0x08000f68   0x08000f68   0x00000258   Code   RO          220    .text               motor_duoji.o
    0x080011c0   0x080011c0   0x000009d0   Code   RO          232    .text               oled.o
    0x08001b90   0x08001b90   0x000000d4   Code   RO          254    .text               delay.o
    0x08001c64   0x08001c64   0x000002dc   Code   RO          285    .text               usart.o
    0x08001f40   0x08001f40   0x00000040   Code   RO          324    .text               startup_stm32f10x_md.o
    0x08001f80   0x08001f80   0x000000dc   Code   RO          328    .text               misc.o
    0x0800205c   0x0800205c   0x0000044e   Code   RO          340    .text               stm32f10x_adc.o
    0x080024aa   0x080024aa   0x00000002   PAD
    0x080024ac   0x080024ac   0x0000035c   Code   RO          376    .text               stm32f10x_gpio.o
    0x08002808   0x08002808   0x000003a4   Code   RO          400    .text               stm32f10x_rcc.o
    0x08002bac   0x08002bac   0x00000e1a   Code   RO          438    .text               stm32f10x_tim.o
    0x080039c6   0x080039c6   0x00000002   PAD
    0x080039c8   0x080039c8   0x00000408   Code   RO          450    .text               stm32f10x_usart.o
    0x08003dd0   0x08003dd0   0x00000034   Code   RO          464    .text               c_w.l(c89vsnprintf.o)
    0x08003e04   0x08003e04   0x00000044   Code   RO          466    .text               c_w.l(rt_memclr.o)
    0x08003e48   0x08003e48   0x00000006   Code   RO          468    .text               c_w.l(heapauxi.o)
    0x08003e4e   0x08003e4e   0x0000004e   Code   RO          475    .text               c_w.l(_printf_pad.o)
    0x08003e9c   0x08003e9c   0x00000024   Code   RO          477    .text               c_w.l(_printf_truncate.o)
    0x08003ec0   0x08003ec0   0x00000052   Code   RO          479    .text               c_w.l(_printf_str.o)
    0x08003f12   0x08003f12   0x00000002   PAD
    0x08003f14   0x08003f14   0x00000078   Code   RO          481    .text               c_w.l(_printf_dec.o)
    0x08003f8c   0x08003f8c   0x00000028   Code   RO          483    .text               c_w.l(_printf_charcount.o)
    0x08003fb4   0x08003fb4   0x00000030   Code   RO          485    .text               c_w.l(_printf_char_common.o)
    0x08003fe4   0x08003fe4   0x0000000a   Code   RO          487    .text               c_w.l(_sputc.o)
    0x08003fee   0x08003fee   0x00000010   Code   RO          489    .text               c_w.l(_snputc.o)
    0x08003ffe   0x08003ffe   0x00000002   PAD
    0x08004000   0x08004000   0x000000bc   Code   RO          491    .text               c_w.l(_printf_wctomb.o)
    0x080040bc   0x080040bc   0x0000007c   Code   RO          494    .text               c_w.l(_printf_longlong_dec.o)
    0x08004138   0x08004138   0x00000070   Code   RO          500    .text               c_w.l(_printf_oct_int_ll.o)
    0x080041a8   0x080041a8   0x00000094   Code   RO          520    .text               c_w.l(_printf_hex_int_ll_ptr.o)
    0x0800423c   0x0800423c   0x00000188   Code   RO          540    .text               c_w.l(__printf_flags_ss_wp.o)
    0x080043c4   0x080043c4   0x0000004e   Code   RO          566    .text               c_w.l(rt_memclr_w.o)
    0x08004412   0x08004412   0x0000008a   Code   RO          585    .text               c_w.l(lludiv10.o)
    0x0800449c   0x0800449c   0x000000b2   Code   RO          587    .text               c_w.l(_printf_intcommon.o)
    0x0800454e   0x0800454e   0x0000041e   Code   RO          589    .text               c_w.l(_printf_fp_dec.o)
    0x0800496c   0x0800496c   0x0000002c   Code   RO          593    .text               c_w.l(_printf_char.o)
    0x08004998   0x08004998   0x0000002c   Code   RO          595    .text               c_w.l(_printf_wchar.o)
    0x080049c4   0x080049c4   0x00000040   Code   RO          598    .text               c_w.l(_wcrtomb.o)
    0x08004a04   0x08004a04   0x0000004a   Code   RO          600    .text               c_w.l(sys_stackheap_outer.o)
    0x08004a4e   0x08004a4e   0x00000002   PAD
    0x08004a50   0x08004a50   0x00000010   Code   RO          602    .text               c_w.l(rt_ctype_table.o)
    0x08004a60   0x08004a60   0x00000008   Code   RO          607    .text               c_w.l(rt_locale_intlibspace.o)
    0x08004a68   0x08004a68   0x00000080   Code   RO          609    .text               c_w.l(_printf_fp_infnan.o)
    0x08004ae8   0x08004ae8   0x000000e4   Code   RO          611    .text               c_w.l(bigflt0.o)
    0x08004bcc   0x08004bcc   0x00000012   Code   RO          639    .text               c_w.l(exit.o)
    0x08004bde   0x08004bde   0x00000002   PAD
    0x08004be0   0x08004be0   0x00000008   Code   RO          652    .text               c_w.l(libspace.o)
    0x08004be8   0x08004be8   0x00000080   Code   RO          660    .text               c_w.l(strcmpv7m.o)
    0x08004c68   0x08004c68   0x0000000c   Code   RO          718    .text               c_w.l(sys_exit.o)
    0x08004c74   0x08004c74   0x00000002   Code   RO          729    .text               c_w.l(use_no_semi.o)
    0x08004c76   0x08004c76   0x00000000   Code   RO          731    .text               c_w.l(indicate_semi.o)
    0x08004c76   0x08004c76   0x0000003e   Code   RO          614    CL$$btod_d2e        c_w.l(btod.o)
    0x08004cb4   0x08004cb4   0x00000046   Code   RO          616    CL$$btod_d2e_denorm_low  c_w.l(btod.o)
    0x08004cfa   0x08004cfa   0x00000060   Code   RO          615    CL$$btod_d2e_norm_op1  c_w.l(btod.o)
    0x08004d5a   0x08004d5a   0x00000338   Code   RO          624    CL$$btod_div_common  c_w.l(btod.o)
    0x08005092   0x08005092   0x000000dc   Code   RO          621    CL$$btod_e2e        c_w.l(btod.o)
    0x0800516e   0x0800516e   0x0000002a   Code   RO          618    CL$$btod_ediv       c_w.l(btod.o)
    0x08005198   0x08005198   0x0000002a   Code   RO          617    CL$$btod_emul       c_w.l(btod.o)
    0x080051c2   0x080051c2   0x00000244   Code   RO          623    CL$$btod_mult_common  c_w.l(btod.o)
    0x08005406   0x08005406   0x00000028   Code   RO          650    i.__ARM_fpclassify  m_ws.l(fpclassify.o)
    0x0800542e   0x0800542e   0x0000000e   Code   RO          533    i._is_digit         c_w.l(__printf_wp.o)
    0x0800543c   0x0800543c   0x0000002c   Code   RO          637    locale$$code        c_w.l(lc_numeric_c.o)
    0x08005468   0x08005468   0x0000002c   Code   RO          658    locale$$code        c_w.l(lc_ctype_c.o)
    0x08005494   0x08005494   0x00000004   Code   RO          568    x$fpl$printf1       fz_ws.l(printf1.o)
    0x08005498   0x08005498   0x00000000   Code   RO          649    x$fpl$usenofp       fz_ws.l(usenofp.o)
    0x08005498   0x08005498   0x00001ed0   Data   RO          234    .constdata          oled.o
    0x08007368   0x08007368   0x00000008   Data   RO          492    .constdata          c_w.l(_printf_wctomb.o)
    0x08007370   0x08007370   0x00000028   Data   RO          521    .constdata          c_w.l(_printf_hex_int_ll_ptr.o)
    0x08007398   0x08007398   0x00000011   Data   RO          541    .constdata          c_w.l(__printf_flags_ss_wp.o)
    0x080073a9   0x080073a9   0x00000003   PAD
    0x080073ac   0x080073ac   0x00000094   Data   RO          612    .constdata          c_w.l(bigflt0.o)
    0x08007440   0x08007440   0x00000020   Data   RO          784    Region$$Table       anon$$obj.o
    0x08007460   0x08007460   0x0000001c   Data   RO          636    locale$$data        c_w.l(lc_numeric_c.o)
    0x0800747c   0x0800747c   0x00000110   Data   RO          657    locale$$data        c_w.l(lc_ctype_c.o)


    Execution Region RW_IRAM1 (Exec base: 0x20000000, Load base: 0x0800758c, Size: 0x00000ba8, Max: 0x00005000, ABSOLUTE)

    Exec Addr    Load Addr    Size         Type   Attr      Idx    E Section Name        Object

    0x20000000   0x0800758c   0x0000000c   Data   RW            2    .data               main.o
    0x2000000c   0x08007598   0x00000014   Data   RW          178    .data               system_stm32f10x.o
    0x20000020   0x080075ac   0x00000001   Data   RW          208    .data               key.o
    0x20000021   0x080075ad   0x00000001   PAD
    0x20000022   0x080075ae   0x00000004   Data   RW          255    .data               delay.o
    0x20000026   0x080075b2   0x00000008   Data   RW          287    .data               usart.o
    0x2000002e   0x080075ba   0x00000014   Data   RW          401    .data               stm32f10x_rcc.o
    0x20000042   0x080075ce   0x00000002   PAD
    0x20000044        -       0x00000480   Zero   RW          233    .bss                oled.o
    0x200004c4        -       0x00000080   Zero   RW          286    .bss                usart.o
    0x20000544        -       0x00000060   Zero   RW          653    .bss                c_w.l(libspace.o)
    0x200005a4   0x080075ce   0x00000004   PAD
    0x200005a8        -       0x00000200   Zero   RW          322    HEAP                startup_stm32f10x_md.o
    0x200007a8        -       0x00000400   Zero   RW          321    STACK               startup_stm32f10x_md.o


==============================================================================

Image component sizes


      Code (inc. data)   RO Data    RW Data    ZI Data      Debug   Object Name

       212         18          0          4          0       1131   delay.o
       560         12          0          0          0        804   gpio.o
       320         12          0          1          0        977   key.o
      1992        132          0         12          0     262736   main.o
       220         22          0          0          0       1889   misc.o
       600         14          0          0          0       1241   motor_duoji.o
      2512         52       7888          0       1152       9483   oled.o
        64         26        236          0       1536        824   startup_stm32f10x_md.o
      1102         26          0          0          0      11129   stm32f10x_adc.o
       860         38          0          0          0       5821   stm32f10x_gpio.o
        26          0          0          0          0       1234   stm32f10x_it.o
       932         36          0         20          0       9040   stm32f10x_rcc.o
      3610         88          0          0          0      22928   stm32f10x_tim.o
      1032         22          0          0          0       8544   stm32f10x_usart.o
         0          0          0          0          0         32   sys.o
       480         38          0         20          0       1867   system_stm32f10x.o
       732         38          0          8        128       4359   usart.o

    ----------------------------------------------------------------------
     15260        574       8156         68       2816     344039   Object Totals
         0          0         32          0          0          0   (incl. Generated)
         6          0          0          3          0          0   (incl. Padding)

    ----------------------------------------------------------------------

      Code (inc. data)   RO Data    RW Data    ZI Data      Debug   Library Member Name

         8          0          0          0          0         68   __main.o
       392          4         17          0          0         92   __printf_flags_ss_wp.o
        14          0          0          0          0         68   __printf_wp.o
         0          0          0          0          0          0   __rtentry.o
        12          0          0          0          0          0   __rtentry2.o
         6          0          0          0          0          0   __rtentry4.o
        52          8          0          0          0          0   __scatter.o
        26          0          0          0          0          0   __scatter_copy.o
        28          0          0          0          0          0   __scatter_zi.o
         6          0          0          0          0          0   _printf_a.o
         6          0          0          0          0          0   _printf_c.o
        44          0          0          0          0        108   _printf_char.o
        48          6          0          0          0         96   _printf_char_common.o
        40          0          0          0          0         68   _printf_charcount.o
         6          0          0          0          0          0   _printf_d.o
       120         16          0          0          0         92   _printf_dec.o
         6          0          0          0          0          0   _printf_e.o
         6          0          0          0          0          0   _printf_f.o
      1054          0          0          0          0        216   _printf_fp_dec.o
       128         16          0          0          0         84   _printf_fp_infnan.o
         6          0          0          0          0          0   _printf_g.o
       148          4         40          0          0        160   _printf_hex_int_ll_ptr.o
         6          0          0          0          0          0   _printf_i.o
       178          0          0          0          0         88   _printf_intcommon.o
        10          0          0          0          0          0   _printf_l.o
         6          0          0          0          0          0   _printf_lc.o
        10          0          0          0          0          0   _printf_ll.o
         6          0          0          0          0          0   _printf_lld.o
         6          0          0          0          0          0   _printf_lli.o
         6          0          0          0          0          0   _printf_llo.o
         6          0          0          0          0          0   _printf_llu.o
         6          0          0          0          0          0   _printf_llx.o
       124         16          0          0          0         92   _printf_longlong_dec.o
         6          0          0          0          0          0   _printf_ls.o
         6          0          0          0          0          0   _printf_n.o
         6          0          0          0          0          0   _printf_o.o
       112         10          0          0          0        124   _printf_oct_int_ll.o
         6          0          0          0          0          0   _printf_p.o
        78          0          0          0          0        108   _printf_pad.o
         0          0          0          0          0          0   _printf_percent.o
         4          0          0          0          0          0   _printf_percent_end.o
         6          0          0          0          0          0   _printf_s.o
        82          0          0          0          0         80   _printf_str.o
        36          0          0          0          0         84   _printf_truncate.o
         6          0          0          0          0          0   _printf_u.o
        44          0          0          0          0        108   _printf_wchar.o
       188          6          8          0          0         92   _printf_wctomb.o
         6          0          0          0          0          0   _printf_x.o
        16          0          0          0          0         68   _snputc.o
        10          0          0          0          0         68   _sputc.o
        64          0          0          0          0         92   _wcrtomb.o
       228          4        148          0          0         96   bigflt0.o
      1936        128          0          0          0        672   btod.o
        52          4          0          0          0         80   c89vsnprintf.o
        18          0          0          0          0         80   exit.o
         6          0          0          0          0        152   heapauxi.o
         0          0          0          0          0          0   indicate_semi.o
        44         10        272          0          0         76   lc_ctype_c.o
        44         10         28          0          0         76   lc_numeric_c.o
         2          0          0          0          0          0   libinit.o
        30          0          0          0          0          0   libinit2.o
         2          0          0          0          0          0   libshutdown.o
         2          0          0          0          0          0   libshutdown2.o
         8          4          0          0         96         68   libspace.o
       138          0          0          0          0         80   lludiv10.o
        16          4          0          0          0         76   rt_ctype_table.o
         8          4          0          0          0         68   rt_locale_intlibspace.o
        68          0          0          0          0         68   rt_memclr.o
        78          0          0          0          0         80   rt_memclr_w.o
         2          0          0          0          0          0   rtexit.o
        10          0          0          0          0          0   rtexit2.o
       128          0          0          0          0         68   strcmpv7m.o
        12          4          0          0          0         68   sys_exit.o
        74          0          0          0          0         80   sys_stackheap_outer.o
         2          0          0          0          0         68   use_no_semi.o
         4          0          0          0          0         68   printf1.o
         0          0          0          0          0          0   usenofp.o
        40          0          0          0          0         68   fpclassify.o

    ----------------------------------------------------------------------
      6160        258        516          0        100       4148   Library Totals
        12          0          3          0          4          0   (incl. Padding)

    ----------------------------------------------------------------------

      Code (inc. data)   RO Data    RW Data    ZI Data      Debug   Library Name

      6104        258        513          0         96       4012   c_w.l
         4          0          0          0          0         68   fz_ws.l
        40          0          0          0          0         68   m_ws.l

    ----------------------------------------------------------------------
      6160        258        516          0        100       4148   Library Totals

    ----------------------------------------------------------------------

==============================================================================


      Code (inc. data)   RO Data    RW Data    ZI Data      Debug   

     21420        832       8672         68       2916     344595   Grand Totals
     21420        832       8672         68       2916     344595   ELF Image Totals
     21420        832       8672         68          0          0   ROM Totals

==============================================================================

    Total RO  Size (Code + RO Data)                30092 (  29.39kB)
    Total RW  Size (RW Data + ZI Data)              2984 (   2.91kB)
    Total ROM Size (Code + RO Data + RW Data)      30160 (  29.45kB)

==============================================================================

